Component: ARM Compiler 5.05 update 1 (build 106) Tool: armlink [4d0efa]

==============================================================================

Section Cross References

    system_stm32f10x.o(.text) refers to system_stm32f10x.o(.data) for SystemCoreClock
    led.o(.text) refers to stm32f10x_rcc.o(.text) for RCC_APB2PeriphClockCmd
    led.o(.text) refers to stm32f10x_gpio.o(.text) for GPIO_Init
    key.o(.text) refers to stm32f10x_rcc.o(.text) for RCC_APB2PeriphClockCmd
    key.o(.text) refers to stm32f10x_gpio.o(.text) for GPIO_Init
    key.o(.text) refers to delay.o(.text) for delay_ms
    key.o(.text) refers to key.o(.data) for key_up
    lcd.o(.text) refers to _printf_percent.o(.ARM.Collect$$_printf_percent$$00000000) for _printf_percent
    lcd.o(.text) refers to _printf_x.o(.ARM.Collect$$_printf_percent$$0000000C) for _printf_x
    lcd.o(.text) refers to _printf_hex_int.o(.text) for _printf_longlong_hex
    lcd.o(.text) refers to delay.o(.text) for delay_us
    lcd.o(.text) refers to lcd.o(.bss) for lcddev
    lcd.o(.text) refers to lcd.o(.data) for POINT_COLOR
    lcd.o(.text) refers to dflt_clz.o(x$fpl$dfltu) for __aeabi_ui2d
    lcd.o(.text) refers to dmul.o(x$fpl$dmul) for __aeabi_dmul
    lcd.o(.text) refers to dfixu.o(x$fpl$dfixu) for __aeabi_d2uiz
    lcd.o(.text) refers to stm32f10x_rcc.o(.text) for RCC_AHBPeriphClockCmd
    lcd.o(.text) refers to stm32f10x_gpio.o(.text) for GPIO_Init
    lcd.o(.text) refers to stm32f10x_fsmc.o(.text) for FSMC_NORSRAMInit
    lcd.o(.text) refers to noretval__2printf.o(.text) for __2printf
    lcd.o(.text) refers to lcd.o(.constdata) for asc2_1206
    spi.o(.text) refers to stm32f10x_spi.o(.text) for SPI_I2S_GetFlagStatus
    spi.o(.text) refers to stm32f10x_rcc.o(.text) for RCC_APB2PeriphClockCmd
    spi.o(.text) refers to stm32f10x_gpio.o(.text) for GPIO_Init
    main.o(.text) refers to delay.o(.text) for delay_init
    main.o(.text) refers to misc.o(.text) for NVIC_PriorityGroupConfig
    main.o(.text) refers to led.o(.text) for LED_Init
    main.o(.text) refers to key.o(.text) for KEY_Init
    main.o(.text) refers to lcd.o(.text) for LCD_Init
    main.o(.text) refers to rtc.o(.text) for RTC_Init
    main.o(.text) refers to w25qxx.o(.text) for W25QXX_Init
    main.o(.text) refers to malloc.o(.text) for my_mem_init
    main.o(.text) refers to exfuns.o(.text) for exfuns_init
    main.o(.text) refers to ff.o(.text) for f_mount
    main.o(.text) refers to usart.o(.text) for uart_init
    main.o(.text) refers to sdio_sdcard.o(.text) for SD_Init
    main.o(.text) refers to fontupd.o(.text) for update_font
    main.o(.text) refers to text.o(.text) for Show_Str
    main.o(.text) refers to rtc.o(.bss) for calendar
    main.o(.text) refers to exfuns.o(.data) for fs
    main.o(.text) refers to usmart_config.o(.data) for usmart_dev
    main.o(.text) refers to lcd.o(.data) for POINT_COLOR
    w25qxx.o(.text) refers to _printf_percent.o(.ARM.Collect$$_printf_percent$$00000000) for _printf_percent
    w25qxx.o(.text) refers to _printf_x.o(.ARM.Collect$$_printf_percent$$0000000C) for _printf_x
    w25qxx.o(.text) refers to _printf_hex_int.o(.text) for _printf_longlong_hex
    w25qxx.o(.text) refers to spi.o(.text) for SPI2_ReadWriteByte
    w25qxx.o(.text) refers to stm32f10x_rcc.o(.text) for RCC_APB2PeriphClockCmd
    w25qxx.o(.text) refers to stm32f10x_gpio.o(.text) for GPIO_Init
    w25qxx.o(.text) refers to noretval__2printf.o(.text) for __2printf
    w25qxx.o(.text) refers to delay.o(.text) for delay_us
    w25qxx.o(.text) refers to w25qxx.o(.data) for W25QXX_TYPE
    w25qxx.o(.text) refers to w25qxx.o(.bss) for W25QXX_BUFFER
    sdio_sdcard.o(.text) refers to stm32f10x_sdio.o(.text) for SDIO_GetFlagStatus
    sdio_sdcard.o(.text) refers to sdio_sdcard.o(.data) for DeviceMode
    sdio_sdcard.o(.text) refers to sdio_sdcard.o(.bss) for SDIO_CmdInitStructure
    sdio_sdcard.o(.text) refers to stm32f10x_rcc.o(.text) for RCC_APB2PeriphClockCmd
    sdio_sdcard.o(.text) refers to stm32f10x_gpio.o(.text) for GPIO_Init
    sdio_sdcard.o(.text) refers to misc.o(.text) for NVIC_Init
    sdio_sdcard.o(.text) refers to stm32f10x_dma.o(.text) for DMA_DeInit
    sdio_sdcard.o(.text) refers to sys.o(.text) for INTX_DISABLE
    sdio_sdcard.o(.text) refers to rt_memcpy_v6.o(.text) for __aeabi_memcpy
    rtc.o(.text) refers to _printf_percent.o(.ARM.Collect$$_printf_percent$$00000000) for _printf_percent
    rtc.o(.text) refers to _printf_d.o(.ARM.Collect$$_printf_percent$$00000009) for _printf_d
    rtc.o(.text) refers to _printf_dec.o(.text) for _printf_int_dec
    rtc.o(.text) refers to misc.o(.text) for NVIC_Init
    rtc.o(.text) refers to stm32f10x_rtc.o(.text) for RTC_GetCounter
    rtc.o(.text) refers to stm32f10x_rcc.o(.text) for RCC_APB1PeriphClockCmd
    rtc.o(.text) refers to stm32f10x_pwr.o(.text) for PWR_BackupAccessCmd
    rtc.o(.text) refers to stm32f10x_bkp.o(.text) for BKP_ReadBackupRegister
    rtc.o(.text) refers to delay.o(.text) for delay_ms
[...]
    __rt_lib_init_lc_time_1                  0x08000209   Thumb Code     0  libinit2.o(.ARM.Collect$$libinit$$00000019)
    __rt_lib_init_preinit_1                  0x08000209   Thumb Code     0  libinit2.o(.ARM.Collect$$libinit$$00000004)
    __rt_lib_init_rand_1                     0x08000209   Thumb Code     0  libinit2.o(.ARM.Collect$$libinit$$0000000E)
    __rt_lib_init_return                     0x08000209   Thumb Code     0  libinit2.o(.ARM.Collect$$libinit$$00000033)
    __rt_lib_init_signal_1                   0x08000209   Thumb Code     0  libinit2.o(.ARM.Collect$$libinit$$0000001D)
    __rt_lib_init_stdio_1                    0x08000209   Thumb Code     0  libinit2.o(.ARM.Collect$$libinit$$00000025)
    __rt_lib_init_user_alloc_1               0x08000209   Thumb Code     0  libinit2.o(.ARM.Collect$$libinit$$0000000C)
    __rt_lib_shutdown                        0x0800020b   Thumb Code     0  libshutdown.o(.ARM.Collect$$libshutdown$$00000000)
    __rt_lib_shutdown_fp_trap_1              0x0800020d   Thumb Code     0  libshutdown2.o(.ARM.Collect$$libshutdown$$00000006)
    __rt_lib_shutdown_heap_1                 0x0800020d   Thumb Code     0  libshutdown2.o(.ARM.Collect$$libshutdown$$0000000E)
    __rt_lib_shutdown_return                 0x0800020d   Thumb Code     0  libshutdown2.o(.ARM.Collect$$libshutdown$$0000000F)
    __rt_lib_shutdown_signal_1               0x0800020d   Thumb Code     0  libshutdown2.o(.ARM.Collect$$libshutdown$$00000009)
    __rt_lib_shutdown_stdio_1                0x0800020d   Thumb Code     0  libshutdown2.o(.ARM.Collect$$libshutdown$$00000003)
    __rt_lib_shutdown_user_alloc_1           0x0800020d   Thumb Code     0  libshutdown2.o(.ARM.Collect$$libshutdown$$0000000B)
    __rt_entry                               0x0800020f   Thumb Code     0  __rtentry.o(.ARM.Collect$$rtentry$$00000000)
    __rt_entry_presh_1                       0x0800020f   Thumb Code     0  __rtentry2.o(.ARM.Collect$$rtentry$$00000002)
    __rt_entry_sh                            0x0800020f   Thumb Code     0  __rtentry4.o(.ARM.Collect$$rtentry$$00000004)
    __rt_entry_li                            0x08000215   Thumb Code     0  __rtentry2.o(.ARM.Collect$$rtentry$$0000000A)
    __rt_entry_postsh_1                      0x08000215   Thumb Code     0  __rtentry2.o(.ARM.Collect$$rtentry$$00000009)
    __rt_entry_main                          0x08000219   Thumb Code     0  __rtentry2.o(.ARM.Collect$$rtentry$$0000000D)
    __rt_entry_postli_1                      0x08000219   Thumb Code     0  __rtentry2.o(.ARM.Collect$$rtentry$$0000000C)
    __rt_exit                                0x08000221   Thumb Code     0  rtexit.o(.ARM.Collect$$rtexit$$00000000)
    __rt_exit_ls                             0x08000223   Thumb Code     0  rtexit2.o(.ARM.Collect$$rtexit$$00000003)
    __rt_exit_prels_1                        0x08000223   Thumb Code     0  rtexit2.o(.ARM.Collect$$rtexit$$00000002)
    __rt_exit_exit                           0x08000227   Thumb Code     0  rtexit2.o(.ARM.Collect$$rtexit$$00000004)
    NMI_Handler                              0x0800022d   Thumb Code     2  stm32f10x_it.o(.text)
    HardFault_Handler                        0x0800022f   Thumb Code     4  stm32f10x_it.o(.text)
    MemManage_Handler                        0x08000233   Thumb Code     4  stm32f10x_it.o(.text)
    BusFault_Handler                         0x08000237   Thumb Code     4  stm32f10x_it.o(.text)
    UsageFault_Handler                       0x0800023b   Thumb Code     4  stm32f10x_it.o(.text)
    SVC_Handler                              0x0800023f   Thumb Code     2  stm32f10x_it.o(.text)
    DebugMon_Handler                         0x08000241   Thumb Code     2  stm32f10x_it.o(.text)
    PendSV_Handler                           0x08000243   Thumb Code     2  stm32f10x_it.o(.text)
    SysTick_Handler                          0x08000245   Thumb Code     2  stm32f10x_it.o(.text)
    SystemInit                               0x08000327   Thumb Code    78  system_stm32f10x.o(.text)
    SystemCoreClockUpdate                    0x08000375   Thumb Code   142  system_stm32f10x.o(.text)
    LED_Init                                 0x08000429   Thumb Code    68  led.o(.text)
    KEY_Init                                 0x08000475   Thumb Code    52  key.o(.text)
    KEY_Scan                                 0x080004a9   Thumb Code   188  key.o(.text)
    LCD_WR_REG                               0x08000571   Thumb Code     6  lcd.o(.text)
    LCD_WR_DATA                              0x08000577   Thumb Code     8  lcd.o(.text)
    LCD_RD_DATA                              0x0800057f   Thumb Code    16  lcd.o(.text)
    LCD_WriteReg                             0x0800058f   Thumb Code    10  lcd.o(.text)
    LCD_ReadReg                              0x08000599   Thumb Code    22  lcd.o(.text)
    LCD_WriteRAM_Prepare                     0x080005af   Thumb Code    10  lcd.o(.text)
    LCD_WriteRAM                             0x080005b9   Thumb Code     8  lcd.o(.text)
    LCD_BGR2RGB                              0x080005c1   Thumb Code    26  lcd.o(.text)
    opt_delay                                0x080005db   Thumb Code    14  lcd.o(.text)
    LCD_SetCursor                            0x080005e9   Thumb Code   418  lcd.o(.text)
    LCD_ReadPoint                            0x0800078b   Thumb Code   360  lcd.o(.text)
    LCD_DisplayOn                            0x080008f3   Thumb Code   102  lcd.o(.text)
    LCD_DisplayOff                           0x08000959   Thumb Code    90  lcd.o(.text)
    LCD_Scan_Dir                             0x080009b3   Thumb Code   744  lcd.o(.text)
    LCD_DrawPoint                            0x08000c9b   Thumb Code    28  lcd.o(.text)
    LCD_Fast_DrawPoint                       0x08000cb7   Thumb Code   384  lcd.o(.text)
    LCD_SSD_BackLightSet                     0x08000e37   Thumb Code    80  lcd.o(.text)
    LCD_Display_Dir                          0x08000e87   Thumb Code   444  lcd.o(.text)
    LCD_Set_Window                           0x08001043   Thumb Code   540  lcd.o(.text)
    LCD_Clear                                0x0800125f   Thumb Code   100  lcd.o(.text)
    LCD_Init                                 0x080012c3   Thumb Code 14190  lcd.o(.text)
    LCD_Fill                                 0x08004a31   Thumb Code   178  lcd.o(.text)
    LCD_Color_Fill                           0x08004ae3   Thumb Code   106  lcd.o(.text)
    LCD_DrawLine                             0x08004b4d   Thumb Code   176  lcd.o(.text)
    LCD_DrawRectangle                        0x08004bfd   Thumb Code    60  lcd.o(.text)
    LCD_Draw_Circle                          0x08004c39   Thumb Code   152  lcd.o(.text)
    LCD_ShowChar                             0x08004cd1   Thumb Code   272  lcd.o(.text)
    LCD_Pow                                  0x08004de1   Thumb Code    22  lcd.o(.text)
    LCD_ShowNum                              0x08004df7   Thumb Code   148  lcd.o(.text)
    LCD_ShowxNum                             0x08004e8b   Thumb Code   220  lcd.o(.text)
    LCD_ShowString                           0x08004f67   Thumb Code   102  lcd.o(.text)
    SPI2_ReadWriteByte                       0x08004fcd   Thumb Code    78  spi.o(.text)
    SPI2_Init                                0x0800501b   Thumb Code   140  spi.o(.text)
    SPI2_SetSpeed                            0x080050a7   Thumb Code    36  spi.o(.text)
    main                                     0x080050d5   Thumb Code  1624  main.o(.text)
    W25QXX_ReadID                            0x08005759   Thumb Code    64  w25qxx.o(.text)
    W25QXX_Init                              0x08005799   Thumb Code    74  w25qxx.o(.text)
    W25QXX_ReadSR                            0x080057e3   Thumb Code    36  w25qxx.o(.text)
    W25QXX_Write_SR                          0x08005807   Thumb Code    32  w25qxx.o(.text)
    W25QXX_Write_Enable                      0x08005827   Thumb Code    24  w25qxx.o(.text)
    W25QXX_Write_Disable                     0x0800583f   Thumb Code    24  w25qxx.o(.text)
    W25QXX_Read                              0x08005857   Thumb Code    74  w25qxx.o(.text)
    W25QXX_Wait_Busy                         0x080058a1   Thumb Code    18  w25qxx.o(.text)
    W25QXX_Write_Page                        0x080058b3   Thumb Code    80  w25qxx.o(.text)
    W25QXX_Write_NoCheck                     0x08005903   Thumb Code    70  w25qxx.o(.text)
    W25QXX_Erase_Sector                      0x08005949   Thumb Code    70  w25qxx.o(.text)
    W25QXX_Write                             0x0800598f   Thumb Code   180  w25qxx.o(.text)
    W25QXX_Erase_Chip                        0x08005a43   Thumb Code    36  w25qxx.o(.text)
    W25QXX_PowerDown                         0x08005a67   Thumb Code    30  w25qxx.o(.text)
    W25QXX_WAKEUP                            0x08005a85   Thumb Code    30  w25qxx.o(.text)
    SD_SetDeviceMode                         0x08005ac1   Thumb Code    20  sdio_sdcard.o(.text)
    SDIO_Clock_Set                           0x08005ad5   Thumb Code    16  sdio_sdcard.o(.text)
    CmdResp1Error                            0x08005ae5   Thumb Code    90  sdio_sdcard.o(.text)
    FindSCR                                  0x08005b3f   Thumb Code   386  sdio_sdcard.o(.text)
    SDEnWideBus                              0x08005cc1   Thumb Code   158  sdio_sdcard.o(.text)
    SD_EnableWideBusOperation                0x08005d5f   Thumb Code    94  sdio_sdcard.o(.text)
    SD_SelectDeselect                        0x08005dbd   Thumb Code    42  sdio_sdcard.o(.text)
    SD_GetCardInfo                           0x08005de7   Thumb Code   802  sdio_sdcard.o(.text)
    CmdResp2Error                            0x08006109   Thumb Code    80  sdio_sdcard.o(.text)
    CmdResp6Error                            0x08006159   Thumb Code   140  sdio_sdcard.o(.text)
    SD_InitializeCards                       0x080061e5   Thumb Code   336  sdio_sdcard.o(.text)
    CmdResp3Error                            0x08006335   Thumb Code    50  sdio_sdcard.o(.text)
    CmdResp7Error                            0x08006367   Thumb Code    70  sdio_sdcard.o(.text)
    CmdError                                 0x080063ad   Thumb Code    48  sdio_sdcard.o(.text)
    SD_PowerON                               0x080063dd   Thumb Code   450  sdio_sdcard.o(.text)
    SD_Init                                  0x0800659f   Thumb Code   238  sdio_sdcard.o(.text)
    SD_PowerOFF                              0x0800668d   Thumb Code    12  sdio_sdcard.o(.text)
    SD_DMA_Config                            0x08006699   Thumb Code   146  sdio_sdcard.o(.text)
    convert_from_bytes_to_power_of_two       0x0800672b   Thumb Code    18  sdio_sdcard.o(.text)
    SD_ReadBlock                             0x0800673d   Thumb Code   560  sdio_sdcard.o(.text)
    SD_ReadMultiBlocks                       0x0800696d   Thumb Code   742  sdio_sdcard.o(.text)
    IsCardProgramming                        0x08006c53   Thumb Code   142  sdio_sdcard.o(.text)
    SD_WriteBlock                            0x08006ce1   Thumb Code   888  sdio_sdcard.o(.text)
    SD_WriteMultiBlocks                      0x08007059   Thumb Code   962  sdio_sdcard.o(.text)
    SD_ProcessIRQSrc                         0x0800741b   Thumb Code   294  sdio_sdcard.o(.text)
    SDIO_IRQHandler                          0x08007541   Thumb Code     8  sdio_sdcard.o(.text)
    SD_SendStatus                            0x08007549   Thumb Code    72  sdio_sdcard.o(.text)
    SD_GetState                              0x08007591   Thumb Code    26  sdio_sdcard.o(.text)
    SD_ReadDisk                              0x080075ab   Thumb Code   148  sdio_sdcard.o(.text)
    SD_WriteDisk                             0x0800763f   Thumb Code   148  sdio_sdcard.o(.text)
    RTC_Get_Week                             0x08007711   Thumb Code   116  rtc.o(.text)
    Is_Leap_Year                             0x08007785   Thumb Code    58  rtc.o(.text)
    RTC_Get                                  0x080077bf   Thumb Code   240  rtc.o(.text)
    RTC_Set                                  0x080078af   Thumb Code   184  rtc.o(.text)
    RTC_Init                                 0x08007967   Thumb Code   192  rtc.o(.text)
    RTC_IRQHandler                           0x08007a27   Thumb Code    76  rtc.o(.text)
    RTC_Alarm_Set                            0x08007a73   Thumb Code   184  rtc.o(.text)
    firsttimedisplay                         0x08007b2b   Thumb Code   552  rtc.o(.text)
    delay_init                               0x08007d99   Thumb Code    50  delay.o(.text)
    delay_us                                 0x08007dcb   Thumb Code    72  delay.o(.text)
    delay_ms                                 0x08007e13   Thumb Code    72  delay.o(.text)
    WFI_SET                                  0x08007e6d   Thumb Code     4  sys.o(.text)
    INTX_DISABLE                             0x08007e71   Thumb Code     4  sys.o(.text)
    INTX_ENABLE                              0x08007e75   Thumb Code     4  sys.o(.text)
    _sys_exit                                0x08007e79   Thumb Code     6  usart.o(.text)
    fputc                                    0x08007e7f   Thumb Code    24  usart.o(.text)
    uart_init                                0x08007e97   Thumb Code   152  usart.o(.text)
    USART1_IRQHandler                        0x08007f2f   Thumb Code   122  usart.o(.text)
    Reset_Handler                            0x08007fb9   Thumb Code     8  startup_stm32f10x_hd.o(.text)
    ADC1_2_IRQHandler                        0x08007fd3   Thumb Code     0  startup_stm32f10x_hd.o(.text)
    ADC3_IRQHandler                          0x08007fd3   Thumb Code     0  startup_stm32f10x_hd.o(.text)
    CAN1_RX1_IRQHandler                      0x08007fd3   Thumb Code     0  startup_stm32f10x_hd.o(.text)
    CAN1_SCE_IRQHandler                      0x08007fd3   Thumb Code     0  startup_stm32f10x_hd.o(.text)
    DMA1_Channel1_IRQHandler                 0x08007fd3   Thumb Code     0  startup_stm32f10x_hd.o(.text)
    DMA1_Channel2_IRQHandler                 0x08007fd3   Thumb Code     0  startup_stm32f10x_hd.o(.text)
    DMA1_Channel3_IRQHandler                 0x08007fd3   Thumb Code     0  startup_stm32f10x_hd.o(.text)
    DMA1_Channel4_IRQHandler                 0x08007fd3   Thumb Code     0  startup_stm32f10x_hd.o(.text)
    DMA1_Channel5_IRQHandler                 0x08007fd3   Thumb Code     0  startup_stm32f10x_hd.o(.text)
    DMA1_Channel6_IRQHandler                 0x08007fd3   Thumb Code     0  startup_stm32f10x_hd.o(.text)
    DMA1_Channel7_IRQHandler                 0x08007fd3   Thumb Code     0  startup_stm32f10x_hd.o(.text)
    DMA2_Channel1_IRQHandler                 0x08007fd3   Thumb Code     0  startup_stm32f10x_hd.o(.text)
    DMA2_Channel2_IRQHandler                 0x08007fd3   Thumb Code     0  startup_stm32f10x_hd.o(.text)
    DMA2_Channel3_IRQHandler                 0x08007fd3   Thumb Code     0  startup_stm32f10x_hd.o(.text)
    DMA2_Channel4_5_IRQHandler               0x08007fd3   Thumb Code     0  startup_stm32f10x_hd.o(.text)
    EXTI0_IRQHandler                         0x08007fd3   Thumb Code     0  startup_stm32f10x_hd.o(.text)
    EXTI15_10_IRQHandler                     0x08007fd3   Thumb Code     0  startup_stm32f10x_hd.o(.text)
    EXTI1_IRQHandler                         0x08007fd3   Thumb Code     0  startup_stm32f10x_hd.o(.text)
    EXTI2_IRQHandler                         0x08007fd3   Thumb Code     0  startup_stm32f10x_hd.o(.text)
    EXTI3_IRQHandler                         0x08007fd3   Thumb Code     0  startup_stm32f10x_hd.o(.text)
    EXTI4_IRQHandler                         0x08007fd3   Thumb Code     0  startup_stm32f10x_hd.o(.text)
    EXTI9_5_IRQHandler                       0x08007fd3   Thumb Code     0  startup_stm32f10x_hd.o(.text)
    FLASH_IRQHandler                         0x08007fd3   Thumb Code     0  startup_stm32f10x_hd.o(.text)
    FSMC_IRQHandler                          0x08007fd3   Thumb Code     0  startup_stm32f10x_hd.o(.text)
    I2C1_ER_IRQHandler                       0x08007fd3   Thumb Code     0  startup_stm32f10x_hd.o(.text)
    I2C1_EV_IRQHandler                       0x08007fd3   Thumb Code     0  startup_stm32f10x_hd.o(.text)
    I2C2_ER_IRQHandler                       0x08007fd3   Thumb Code     0  startup_stm32f10x_hd.o(.text)
    I2C2_EV_IRQHandler                       0x08007fd3   Thumb Code     0  startup_stm32f10x_hd.o(.text)
    PVD_IRQHandler                           0x08007fd3   Thumb Code     0  startup_stm32f10x_hd.o(.text)
    RCC_IRQHandler                           0x08007fd3   Thumb Code     0  startup_stm32f10x_hd.o(.text)
    RTCAlarm_IRQHandler                      0x08007fd3   Thumb Code     0  startup_stm32f10x_hd.o(.text)
    SPI1_IRQHandler                          0x08007fd3   Thumb Code     0  startup_stm32f10x_hd.o(.text)
    SPI2_IRQHandler                          0x08007fd3   Thumb Code     0  startup_stm32f10x_hd.o(.text)
    SPI3_IRQHandler                          0x08007fd3   Thumb Code     0  startup_stm32f10x_hd.o(.text)
    TAMPER_IRQHandler                        0x08007fd3   Thumb Code     0  startup_stm32f10x_hd.o(.text)
    TIM1_BRK_IRQHandler                      0x08007fd3   Thumb Code     0  startup_stm32f10x_hd.o(.text)
    TIM1_CC_IRQHandler                       0x08007fd3   Thumb Code     0  startup_stm32f10x_hd.o(.text)
    TIM1_TRG_COM_IRQHandler                  0x08007fd3   Thumb Code     0  startup_stm32f10x_hd.o(.text)
    TIM1_UP_IRQHandler                       0x08007fd3   Thumb Code     0  startup_stm32f10x_hd.o(.text)
    TIM2_IRQHandler                          0x08007fd3   Thumb Code     0  startup_stm32f10x_hd.o(.text)
    TIM3_IRQHandler                          0x08007fd3   Thumb Code     0  startup_stm32f10x_hd.o(.text)
    TIM5_IRQHandler                          0x08007fd3   Thumb Code     0  startup_stm32f10x_hd.o(.text)
    TIM6_IRQHandler                          0x08007fd3   Thumb Code     0  startup_stm32f10x_hd.o(.text)
    TIM7_IRQHandler                          0x08007fd3   Thumb Code     0  startup_stm32f10x_hd.o(.text)
    TIM8_BRK_IRQHandler                      0x08007fd3   Thumb Code     0  startup_stm32f10x_hd.o(.text)
    TIM8_CC_IRQHandler                       0x08007fd3   Thumb Code     0  startup_stm32f10x_hd.o(.text)
    TIM8_TRG_COM_IRQHandler                  0x08007fd3   Thumb Code     0  startup_stm32f10x_hd.o(.text)
    TIM8_UP_IRQHandler                       0x08007fd3   Thumb Code     0  startup_stm32f10x_hd.o(.text)
    UART4_IRQHandler                         0x08007fd3   Thumb Code     0  startup_stm32f10x_hd.o(.text)
    UART5_IRQHandler                         0x08007fd3   Thumb Code     0  startup_stm32f10x_hd.o(.text)
    USART2_IRQHandler                        0x08007fd3   Thumb Code     0  startup_stm32f10x_hd.o(.text)
    USART3_IRQHandler                        0x08007fd3   Thumb Code     0  startup_stm32f10x_hd.o(.text)
    USBWakeUp_IRQHandler                     0x08007fd3   Thumb Code     0  startup_stm32f10x_hd.o(.text)
    USB_HP_CAN1_TX_IRQHandler                0x08007fd3   Thumb Code     0  startup_stm32f10x_hd.o(.text)
    USB_LP_CAN1_RX0_IRQHandler               0x08007fd3   Thumb Code     0  startup_stm32f10x_hd.o(.text)
    WWDG_IRQHandler                          0x08007fd3   Thumb Code     0  startup_stm32f10x_hd.o(.text)
    __user_initial_stackheap                 0x08007fd5   Thumb Code     0  startup_stm32f10x_hd.o(.text)
    NVIC_PriorityGroupConfig                 0x08007ff9   Thumb Code    10  misc.o(.text)
    NVIC_Init                                0x08008003   Thumb Code   100  misc.o(.text)
    NVIC_SetVectorTable                      0x08008067   Thumb Code    14  misc.o(.text)
    NVIC_SystemLPConfig                      0x08008075   Thumb Code    34  misc.o(.text)
    SysTick_CLKSourceConfig                  0x08008097   Thumb Code    40  misc.o(.text)
    FSMC_NORSRAMDeInit                       0x080080d5   Thumb Code    54  stm32f10x_fsmc.o(.text)
    FSMC_NANDDeInit                          0x0800810b   Thumb Code    62  stm32f10x_fsmc.o(.text)
    FSMC_PCCARDDeInit                        0x08008149   Thumb Code    36  stm32f10x_fsmc.o(.text)
    FSMC_NORSRAMInit                         0x0800816d   Thumb Code   230  stm32f10x_fsmc.o(.text)
    FSMC_NANDInit                            0x08008253   Thumb Code   132  stm32f10x_fsmc.o(.text)
    FSMC_PCCARDInit                          0x080082d7   Thumb Code   130  stm32f10x_fsmc.o(.text)
    FSMC_NORSRAMStructInit                   0x08008359   Thumb Code   114  stm32f10x_fsmc.o(.text)
    FSMC_NANDStructInit                      0x080083cb   Thumb Code    54  stm32f10x_fsmc.o(.text)
    FSMC_PCCARDStructInit                    0x08008401   Thumb Code    60  stm32f10x_fsmc.o(.text)
    FSMC_NORSRAMCmd                          0x0800843d   Thumb Code    46  stm32f10x_fsmc.o(.text)
    FSMC_NANDCmd                             0x0800846b   Thumb Code    86  stm32f10x_fsmc.o(.text)
    FSMC_PCCARDCmd                           0x080084c1   Thumb Code    44  stm32f10x_fsmc.o(.text)
    FSMC_NANDECCCmd                          0x080084ed   Thumb Code    90  stm32f10x_fsmc.o(.text)
    FSMC_GetECC                              0x08008547   Thumb Code    24  stm32f10x_fsmc.o(.text)
    FSMC_ITConfig                            0x0800855f   Thumb Code   128  stm32f10x_fsmc.o(.text)
    FSMC_GetFlagStatus                       0x080085df   Thumb Code    54  stm32f10x_fsmc.o(.text)
    FSMC_ClearFlag                           0x08008615   Thumb Code    62  stm32f10x_fsmc.o(.text)
    FSMC_GetITStatus                         0x08008653   Thumb Code    64  stm32f10x_fsmc.o(.text)
    FSMC_ClearITPendingBit                   0x08008693   Thumb Code    68  stm32f10x_fsmc.o(.text)
    GPIO_DeInit                              0x080086e1   Thumb Code   172  stm32f10x_gpio.o(.text)
    GPIO_AFIODeInit                          0x0800878d   Thumb Code    20  stm32f10x_gpio.o(.text)
    GPIO_Init                                0x080087a1   Thumb Code   278  stm32f10x_gpio.o(.text)
    GPIO_StructInit                          0x080088b7   Thumb Code    16  stm32f10x_gpio.o(.text)
    GPIO_ReadInputDataBit                    0x080088c7   Thumb Code    18  stm32f10x_gpio.o(.text)
    GPIO_ReadInputData                       0x080088d9   Thumb Code     8  stm32f10x_gpio.o(.text)
    GPIO_ReadOutputDataBit                   0x080088e1   Thumb Code    18  stm32f10x_gpio.o(.text)
    GPIO_ReadOutputData                      0x080088f3   Thumb Code     8  stm32f10x_gpio.o(.text)
    GPIO_SetBits                             0x080088fb   Thumb Code     4  stm32f10x_gpio.o(.text)
    GPIO_ResetBits                           0x080088ff   Thumb Code     4  stm32f10x_gpio.o(.text)
    GPIO_WriteBit                            0x08008903   Thumb Code    10  stm32f10x_gpio.o(.text)
    GPIO_Write                               0x0800890d   Thumb Code     4  stm32f10x_gpio.o(.text)
    GPIO_PinLockConfig                       0x08008911   Thumb Code    18  stm32f10x_gpio.o(.text)
    GPIO_EventOutputConfig                   0x08008923   Thumb Code    26  stm32f10x_gpio.o(.text)
    GPIO_EventOutputCmd                      0x0800893d   Thumb Code     6  stm32f10x_gpio.o(.text)
    GPIO_PinRemapConfig                      0x08008943   Thumb Code   138  stm32f10x_gpio.o(.text)
    GPIO_EXTILineConfig                      0x080089cd   Thumb Code    66  stm32f10x_gpio.o(.text)
    GPIO_ETH_MediaInterfaceConfig            0x08008a0f   Thumb Code     8  stm32f10x_gpio.o(.text)
    RCC_DeInit                               0x08008a3d   Thumb Code    64  stm32f10x_rcc.o(.text)
    RCC_HSEConfig                            0x08008a7d   Thumb Code    70  stm32f10x_rcc.o(.text)
    RCC_GetFlagStatus                        0x08008ac3   Thumb Code    56  stm32f10x_rcc.o(.text)
    RCC_WaitForHSEStartUp                    0x08008afb   Thumb Code    56  stm32f10x_rcc.o(.text)
    RCC_AdjustHSICalibrationValue            0x08008b33   Thumb Code    20  stm32f10x_rcc.o(.text)
    RCC_HSICmd                               0x08008b47   Thumb Code     6  stm32f10x_rcc.o(.text)
    RCC_PLLConfig                            0x08008b4d   Thumb Code    24  stm32f10x_rcc.o(.text)
    RCC_PLLCmd                               0x08008b65   Thumb Code     6  stm32f10x_rcc.o(.text)
    RCC_SYSCLKConfig                         0x08008b6b   Thumb Code    18  stm32f10x_rcc.o(.text)
    RCC_GetSYSCLKSource                      0x08008b7d   Thumb Code    10  stm32f10x_rcc.o(.text)
    RCC_HCLKConfig                           0x08008b87   Thumb Code    18  stm32f10x_rcc.o(.text)
    RCC_PCLK1Config                          0x08008b99   Thumb Code    18  stm32f10x_rcc.o(.text)
    RCC_PCLK2Config                          0x08008bab   Thumb Code    20  stm32f10x_rcc.o(.text)
    RCC_ITConfig                             0x08008bbf   Thumb Code    26  stm32f10x_rcc.o(.text)
    RCC_USBCLKConfig                         0x08008bd9   Thumb Code     8  stm32f10x_rcc.o(.text)
    RCC_ADCCLKConfig                         0x08008be1   Thumb Code    18  stm32f10x_rcc.o(.text)
    RCC_LSEConfig                            0x08008bf3   Thumb Code    50  stm32f10x_rcc.o(.text)
    RCC_LSICmd                               0x08008c25   Thumb Code     6  stm32f10x_rcc.o(.text)
    RCC_RTCCLKConfig                         0x08008c2b   Thumb Code    12  stm32f10x_rcc.o(.text)
    RCC_RTCCLKCmd                            0x08008c37   Thumb Code     8  stm32f10x_rcc.o(.text)
    RCC_GetClocksFreq                        0x08008c3f   Thumb Code   192  stm32f10x_rcc.o(.text)
    RCC_AHBPeriphClockCmd                    0x08008cff   Thumb Code    26  stm32f10x_rcc.o(.text)
    RCC_APB2PeriphClockCmd                   0x08008d19   Thumb Code    26  stm32f10x_rcc.o(.text)
    RCC_APB1PeriphClockCmd                   0x08008d33   Thumb Code    26  stm32f10x_rcc.o(.text)
    RCC_APB2PeriphResetCmd                   0x08008d4d   Thumb Code    26  stm32f10x_rcc.o(.text)
    RCC_APB1PeriphResetCmd                   0x08008d67   Thumb Code    26  stm32f10x_rcc.o(.text)
    RCC_BackupResetCmd                       0x08008d81   Thumb Code     8  stm32f10x_rcc.o(.text)
    RCC_ClockSecuritySystemCmd               0x08008d89   Thumb Code     6  stm32f10x_rcc.o(.text)
    RCC_MCOConfig                            0x08008d8f   Thumb Code     6  stm32f10x_rcc.o(.text)
    RCC_ClearFlag                            0x08008d95   Thumb Code    14  stm32f10x_rcc.o(.text)
    RCC_GetITStatus                          0x08008da3   Thumb Code    20  stm32f10x_rcc.o(.text)
    RCC_ClearITPendingBit                    0x08008db7   Thumb Code     6  stm32f10x_rcc.o(.text)
    SPI_I2S_DeInit                           0x08008de1   Thumb Code    76  stm32f10x_spi.o(.text)
    SPI_Init                                 0x08008e2d   Thumb Code    60  stm32f10x_spi.o(.text)
    I2S_Init                                 0x08008e69   Thumb Code   226  stm32f10x_spi.o(.text)
    SPI_StructInit                           0x08008f4b   Thumb Code    24  stm32f10x_spi.o(.text)
    I2S_StructInit                           0x08008f63   Thumb Code    20  stm32f10x_spi.o(.text)
    SPI_Cmd                                  0x08008f77   Thumb Code    24  stm32f10x_spi.o(.text)
    I2S_Cmd                                  0x08008f8f   Thumb Code    24  stm32f10x_spi.o(.text)
    SPI_I2S_ITConfig                         0x08008fa7   Thumb Code    32  stm32f10x_spi.o(.text)
    SPI_I2S_DMACmd                           0x08008fc7   Thumb Code    18  stm32f10x_spi.o(.text)
    SPI_I2S_SendData                         0x08008fd9   Thumb Code     4  stm32f10x_spi.o(.text)
    SPI_I2S_ReceiveData                      0x08008fdd   Thumb Code     6  stm32f10x_spi.o(.text)
    SPI_NSSInternalSoftwareConfig            0x08008fe3   Thumb Code    30  stm32f10x_spi.o(.text)
    SPI_SSOutputCmd                          0x08009001   Thumb Code    24  stm32f10x_spi.o(.text)
    SPI_DataSizeConfig                       0x08009019   Thumb Code    18  stm32f10x_spi.o(.text)
    SPI_TransmitCRC                          0x0800902b   Thumb Code    10  stm32f10x_spi.o(.text)
    SPI_CalculateCRC                         0x08009035   Thumb Code    24  stm32f10x_spi.o(.text)
    SPI_GetCRC                               0x0800904d   Thumb Code    16  stm32f10x_spi.o(.text)
    SPI_GetCRCPolynomial                     0x0800905d   Thumb Code     6  stm32f10x_spi.o(.text)
    SPI_BiDirectionalLineConfig              0x08009063   Thumb Code    28  stm32f10x_spi.o(.text)
    SPI_I2S_GetFlagStatus                    0x0800907f   Thumb Code    18  stm32f10x_spi.o(.text)
    SPI_I2S_ClearFlag                        0x08009091   Thumb Code     6  stm32f10x_spi.o(.text)
    SPI_I2S_GetITStatus                      0x08009097   Thumb Code    52  stm32f10x_spi.o(.text)
    SPI_I2S_ClearITPendingBit                0x080090cb   Thumb Code    20  stm32f10x_spi.o(.text)
    USART_DeInit                             0x080090ed   Thumb Code   134  stm32f10x_usart.o(.text)
    USART_Init                               0x08009173   Thumb Code   210  stm32f10x_usart.o(.text)
    USART_StructInit                         0x08009245   Thumb Code    24  stm32f10x_usart.o(.text)
    USART_ClockInit                          0x0800925d   Thumb Code    34  stm32f10x_usart.o(.text)
    USART_ClockStructInit                    0x0800927f   Thumb Code    12  stm32f10x_usart.o(.text)
    USART_Cmd                                0x0800928b   Thumb Code    24  stm32f10x_usart.o(.text)
    USART_ITConfig                           0x080092a3   Thumb Code    74  stm32f10x_usart.o(.text)
    USART_DMACmd                             0x080092ed   Thumb Code    18  stm32f10x_usart.o(.text)
    USART_SetAddress                         0x080092ff   Thumb Code    18  stm32f10x_usart.o(.text)
    USART_WakeUpConfig                       0x08009311   Thumb Code    18  stm32f10x_usart.o(.text)
    USART_ReceiverWakeUpCmd                  0x08009323   Thumb Code    24  stm32f10x_usart.o(.text)
    USART_LINBreakDetectLengthConfig         0x0800933b   Thumb Code    18  stm32f10x_usart.o(.text)
    USART_LINCmd                             0x0800934d   Thumb Code    24  stm32f10x_usart.o(.text)
    USART_SendData                           0x08009365   Thumb Code     8  stm32f10x_usart.o(.text)
    USART_ReceiveData                        0x0800936d   Thumb Code    10  stm32f10x_usart.o(.text)
    USART_SendBreak                          0x08009377   Thumb Code    10  stm32f10x_usart.o(.text)
    USART_SetGuardTime                       0x08009381   Thumb Code    16  stm32f10x_usart.o(.text)
    USART_SetPrescaler                       0x08009391   Thumb Code    16  stm32f10x_usart.o(.text)
    USART_SmartCardCmd                       0x080093a1   Thumb Code    24  stm32f10x_usart.o(.text)
    USART_SmartCardNACKCmd                   0x080093b9   Thumb Code    24  stm32f10x_usart.o(.text)
    USART_HalfDuplexCmd                      0x080093d1   Thumb Code    24  stm32f10x_usart.o(.text)
    USART_OverSampling8Cmd                   0x080093e9   Thumb Code    22  stm32f10x_usart.o(.text)
    USART_OneBitMethodCmd                    0x080093ff   Thumb Code    24  stm32f10x_usart.o(.text)
    USART_IrDAConfig                         0x08009417   Thumb Code    18  stm32f10x_usart.o(.text)
    USART_IrDACmd                            0x08009429   Thumb Code    24  stm32f10x_usart.o(.text)
    USART_GetFlagStatus                      0x08009441   Thumb Code    26  stm32f10x_usart.o(.text)
    USART_ClearFlag                          0x0800945b   Thumb Code    18  stm32f10x_usart.o(.text)
    USART_GetITStatus                        0x0800946d   Thumb Code    84  stm32f10x_usart.o(.text)
    USART_ClearITPendingBit                  0x080094c1   Thumb Code    52  stm32f10x_usart.o(.text)
    TIM_DeInit                               0x080094f5   Thumb Code   424  stm32f10x_tim.o(.text)
    TIM_TimeBaseInit                         0x0800969d   Thumb Code   122  stm32f10x_tim.o(.text)
    TIM_OC1Init                              0x08009717   Thumb Code   132  stm32f10x_tim.o(.text)
    TIM_OC2Init                              0x0800979b   Thumb Code   154  stm32f10x_tim.o(.text)
    TIM_OC3Init                              0x08009835   Thumb Code   150  stm32f10x_tim.o(.text)
    TIM_OC4Init                              0x080098cb   Thumb Code   182  stm32f10x_tim.o(.text)
    TIM_SetIC4Prescaler                      0x08009981   Thumb Code    26  stm32f10x_tim.o(.text)
    TIM_SetIC3Prescaler                      0x08009a1d   Thumb Code    18  stm32f10x_tim.o(.text)
    TIM_SetIC2Prescaler                      0x08009aa9   Thumb Code    26  stm32f10x_tim.o(.text)
    TIM_SetIC1Prescaler                      0x08009b45   Thumb Code    18  stm32f10x_tim.o(.text)
    TIM_ICInit                               0x08009bc3   Thumb Code   150  stm32f10x_tim.o(.text)
    TIM_PWMIConfig                           0x08009c59   Thumb Code   124  stm32f10x_tim.o(.text)
    TIM_BDTRConfig                           0x08009cd5   Thumb Code    32  stm32f10x_tim.o(.text)
    TIM_TimeBaseStructInit                   0x08009cf5   Thumb Code    18  stm32f10x_tim.o(.text)
    TIM_OCStructInit                         0x08009d07   Thumb Code    20  stm32f10x_tim.o(.text)
    TIM_ICStructInit                         0x08009d1b   Thumb Code    18  stm32f10x_tim.o(.text)
    TIM_BDTRStructInit                       0x08009d2d   Thumb Code    40  stm32f10x_tim.o(.text)
    TIM_Cmd                                  0x08009d55   Thumb Code    24  stm32f10x_tim.o(.text)
    TIM_CtrlPWMOutputs                       0x08009d6d   Thumb Code    30  stm32f10x_tim.o(.text)
    TIM_ITConfig                             0x08009d8b   Thumb Code    18  stm32f10x_tim.o(.text)
    TIM_GenerateEvent                        0x08009d9d   Thumb Code     4  stm32f10x_tim.o(.text)
    TIM_DMAConfig                            0x08009da1   Thumb Code    10  stm32f10x_tim.o(.text)
    TIM_DMACmd                               0x08009dab   Thumb Code    18  stm32f10x_tim.o(.text)
    TIM_InternalClockConfig                  0x08009dbd   Thumb Code    12  stm32f10x_tim.o(.text)
    TIM_SelectInputTrigger                   0x08009dc9   Thumb Code    18  stm32f10x_tim.o(.text)
    TIM_ITRxExternalClockConfig              0x08009ddb   Thumb Code    24  stm32f10x_tim.o(.text)
    TIM_TIxExternalClockConfig               0x08009df3   Thumb Code    62  stm32f10x_tim.o(.text)
    TIM_ETRConfig                            0x08009e31   Thumb Code    28  stm32f10x_tim.o(.text)
    TIM_ETRClockMode1Config                  0x08009e4d   Thumb Code    54  stm32f10x_tim.o(.text)
    TIM_ETRClockMode2Config                  0x08009e83   Thumb Code    32  stm32f10x_tim.o(.text)
    TIM_PrescalerConfig                      0x08009ea3   Thumb Code     6  stm32f10x_tim.o(.text)
    TIM_CounterModeConfig                    0x08009ea9   Thumb Code    18  stm32f10x_tim.o(.text)
    TIM_EncoderInterfaceConfig               0x08009ebb   Thumb Code    66  stm32f10x_tim.o(.text)
    TIM_ForcedOC1Config                      0x08009efd   Thumb Code    18  stm32f10x_tim.o(.text)
    TIM_ForcedOC2Config                      0x08009f0f   Thumb Code    26  stm32f10x_tim.o(.text)
    TIM_ForcedOC3Config                      0x08009f29   Thumb Code    18  stm32f10x_tim.o(.text)
    TIM_ForcedOC4Config                      0x08009f3b   Thumb Code    26  stm32f10x_tim.o(.text)
    TIM_ARRPreloadConfig                     0x08009f55   Thumb Code    24  stm32f10x_tim.o(.text)
    TIM_SelectCOM                            0x08009f6d   Thumb Code    24  stm32f10x_tim.o(.text)
    TIM_SelectCCDMA                          0x08009f85   Thumb Code    24  stm32f10x_tim.o(.text)
    TIM_CCPreloadControl                     0x08009f9d   Thumb Code    24  stm32f10x_tim.o(.text)
    TIM_OC1PreloadConfig                     0x08009fb5   Thumb Code    18  stm32f10x_tim.o(.text)
    TIM_OC2PreloadConfig                     0x08009fc7   Thumb Code    26  stm32f10x_tim.o(.text)
    TIM_OC3PreloadConfig                     0x08009fe1   Thumb Code    18  stm32f10x_tim.o(.text)
    TIM_OC4PreloadConfig                     0x08009ff3   Thumb Code    26  stm32f10x_tim.o(.text)
    TIM_OC1FastConfig                        0x0800a00d   Thumb Code    18  stm32f10x_tim.o(.text)
    TIM_OC2FastConfig                        0x0800a01f   Thumb Code    26  stm32f10x_tim.o(.text)
    TIM_OC3FastConfig                        0x0800a039   Thumb Code    18  stm32f10x_tim.o(.text)
    TIM_OC4FastConfig                        0x0800a04b   Thumb Code    26  stm32f10x_tim.o(.text)
    TIM_ClearOC1Ref                          0x0800a065   Thumb Code    18  stm32f10x_tim.o(.text)
    TIM_ClearOC2Ref                          0x0800a077   Thumb Code    24  stm32f10x_tim.o(.text)
    TIM_ClearOC3Ref                          0x0800a08f   Thumb Code    18  stm32f10x_tim.o(.text)
    TIM_ClearOC4Ref                          0x0800a0a1   Thumb Code    24  stm32f10x_tim.o(.text)
    TIM_OC1PolarityConfig                    0x0800a0b9   Thumb Code    18  stm32f10x_tim.o(.text)
    TIM_OC1NPolarityConfig                   0x0800a0cb   Thumb Code    18  stm32f10x_tim.o(.text)
    TIM_OC2PolarityConfig                    0x0800a0dd   Thumb Code    26  stm32f10x_tim.o(.text)
    TIM_OC2NPolarityConfig                   0x0800a0f7   Thumb Code    26  stm32f10x_tim.o(.text)
    TIM_OC3PolarityConfig                    0x0800a111   Thumb Code    26  stm32f10x_tim.o(.text)
    TIM_OC3NPolarityConfig                   0x0800a12b   Thumb Code    26  stm32f10x_tim.o(.text)
    TIM_OC4PolarityConfig                    0x0800a145   Thumb Code    26  stm32f10x_tim.o(.text)
    TIM_CCxCmd                               0x0800a15f   Thumb Code    30  stm32f10x_tim.o(.text)
    TIM_CCxNCmd                              0x0800a17d   Thumb Code    30  stm32f10x_tim.o(.text)
    TIM_SelectOCxM                           0x0800a19b   Thumb Code    82  stm32f10x_tim.o(.text)
    TIM_UpdateDisableConfig                  0x0800a1ed   Thumb Code    24  stm32f10x_tim.o(.text)
    TIM_UpdateRequestConfig                  0x0800a205   Thumb Code    24  stm32f10x_tim.o(.text)
    TIM_SelectHallSensor                     0x0800a21d   Thumb Code    24  stm32f10x_tim.o(.text)
    TIM_SelectOnePulseMode                   0x0800a235   Thumb Code    18  stm32f10x_tim.o(.text)
    TIM_SelectOutputTrigger                  0x0800a247   Thumb Code    18  stm32f10x_tim.o(.text)
    TIM_SelectSlaveMode                      0x0800a259   Thumb Code    18  stm32f10x_tim.o(.text)
    TIM_SelectMasterSlaveMode                0x0800a26b   Thumb Code    18  stm32f10x_tim.o(.text)
    TIM_SetCounter                           0x0800a27d   Thumb Code     4  stm32f10x_tim.o(.text)
    TIM_SetAutoreload                        0x0800a281   Thumb Code     4  stm32f10x_tim.o(.text)
    TIM_SetCompare1                          0x0800a285   Thumb Code     4  stm32f10x_tim.o(.text)
    TIM_SetCompare2                          0x0800a289   Thumb Code     4  stm32f10x_tim.o(.text)
    TIM_SetCompare3                          0x0800a28d   Thumb Code     4  stm32f10x_tim.o(.text)
    TIM_SetCompare4                          0x0800a291   Thumb Code     6  stm32f10x_tim.o(.text)
    TIM_SetClockDivision                     0x0800a297   Thumb Code    18  stm32f10x_tim.o(.text)
    TIM_GetCapture1                          0x0800a2a9   Thumb Code     6  stm32f10x_tim.o(.text)
    TIM_GetCapture2                          0x0800a2af   Thumb Code     6  stm32f10x_tim.o(.text)
    TIM_GetCapture3                          0x0800a2b5   Thumb Code     6  stm32f10x_tim.o(.text)
    TIM_GetCapture4                          0x0800a2bb   Thumb Code     8  stm32f10x_tim.o(.text)
    TIM_GetCounter                           0x0800a2c3   Thumb Code     6  stm32f10x_tim.o(.text)
    TIM_GetPrescaler                         0x0800a2c9   Thumb Code     6  stm32f10x_tim.o(.text)
    TIM_GetFlagStatus                        0x0800a2cf   Thumb Code    18  stm32f10x_tim.o(.text)
    TIM_ClearFlag                            0x0800a2e1   Thumb Code     6  stm32f10x_tim.o(.text)
    TIM_GetITStatus                          0x0800a2e7   Thumb Code    34  stm32f10x_tim.o(.text)
    TIM_ClearITPendingBit                    0x0800a309   Thumb Code     6  stm32f10x_tim.o(.text)
    SDIO_DeInit                              0x0800a311   Thumb Code    28  stm32f10x_sdio.o(.text)
    SDIO_Init                                0x0800a32d   Thumb Code    42  stm32f10x_sdio.o(.text)
    SDIO_StructInit                          0x0800a357   Thumb Code    16  stm32f10x_sdio.o(.text)
    SDIO_ClockCmd                            0x0800a367   Thumb Code     6  stm32f10x_sdio.o(.text)
    SDIO_SetPowerState                       0x0800a36d   Thumb Code    22  stm32f10x_sdio.o(.text)
    SDIO_GetPowerState                       0x0800a383   Thumb Code    10  stm32f10x_sdio.o(.text)
    SDIO_ITConfig                            0x0800a38d   Thumb Code    26  stm32f10x_sdio.o(.text)
    SDIO_DMACmd                              0x0800a3a7   Thumb Code     6  stm32f10x_sdio.o(.text)
    SDIO_SendCommand                         0x0800a3ad   Thumb Code    38  stm32f10x_sdio.o(.text)
    SDIO_CmdStructInit                       0x0800a3d3   Thumb Code    14  stm32f10x_sdio.o(.text)
    SDIO_GetCommandResponse                  0x0800a3e1   Thumb Code     8  stm32f10x_sdio.o(.text)
    SDIO_GetResponse                         0x0800a3e9   Thumb Code    22  stm32f10x_sdio.o(.text)
    SDIO_DataConfig                          0x0800a3ff   Thumb Code    42  stm32f10x_sdio.o(.text)
    SDIO_DataStructInit                      0x0800a429   Thumb Code    20  stm32f10x_sdio.o(.text)
    SDIO_GetDataCounter                      0x0800a43d   Thumb Code     6  stm32f10x_sdio.o(.text)
    SDIO_ReadData                            0x0800a443   Thumb Code     8  stm32f10x_sdio.o(.text)
    SDIO_WriteData                           0x0800a44b   Thumb Code     8  stm32f10x_sdio.o(.text)
    SDIO_GetFIFOCount                        0x0800a453   Thumb Code     6  stm32f10x_sdio.o(.text)
    SDIO_StartSDIOReadWait                   0x0800a459   Thumb Code     8  stm32f10x_sdio.o(.text)
    SDIO_StopSDIOReadWait                    0x0800a461   Thumb Code     8  stm32f10x_sdio.o(.text)
    SDIO_SetSDIOReadWaitMode                 0x0800a469   Thumb Code     8  stm32f10x_sdio.o(.text)
    SDIO_SetSDIOOperation                    0x0800a471   Thumb Code     8  stm32f10x_sdio.o(.text)
    SDIO_SendSDIOSuspendCmd                  0x0800a479   Thumb Code     6  stm32f10x_sdio.o(.text)
    SDIO_CommandCompletionCmd                0x0800a47f   Thumb Code     8  stm32f10x_sdio.o(.text)
    SDIO_CEATAITCmd                          0x0800a487   Thumb Code    12  stm32f10x_sdio.o(.text)
    SDIO_SendCEATACmd                        0x0800a493   Thumb Code     8  stm32f10x_sdio.o(.text)
    SDIO_GetFlagStatus                       0x0800a49b   Thumb Code    20  stm32f10x_sdio.o(.text)
    SDIO_ClearFlag                           0x0800a4af   Thumb Code     6  stm32f10x_sdio.o(.text)
    SDIO_GetITStatus                         0x0800a4b5   Thumb Code    20  stm32f10x_sdio.o(.text)
    SDIO_ClearITPendingBit                   0x0800a4c9   Thumb Code     6  stm32f10x_sdio.o(.text)
    DMA_DeInit                               0x0800a4e5   Thumb Code   324  stm32f10x_dma.o(.text)
    DMA_Init                                 0x0800a629   Thumb Code    60  stm32f10x_dma.o(.text)
    DMA_StructInit                           0x0800a665   Thumb Code    26  stm32f10x_dma.o(.text)
    DMA_Cmd                                  0x0800a67f   Thumb Code    24  stm32f10x_dma.o(.text)
    DMA_ITConfig                             0x0800a697   Thumb Code    18  stm32f10x_dma.o(.text)
    DMA_SetCurrDataCounter                   0x0800a6a9   Thumb Code     4  stm32f10x_dma.o(.text)
    DMA_GetCurrDataCounter                   0x0800a6ad   Thumb Code     8  stm32f10x_dma.o(.text)
    DMA_GetFlagStatus                        0x0800a6b5   Thumb Code    40  stm32f10x_dma.o(.text)
    DMA_ClearFlag                            0x0800a6dd   Thumb Code    22  stm32f10x_dma.o(.text)
    DMA_GetITStatus                          0x0800a6f3   Thumb Code    40  stm32f10x_dma.o(.text)
    DMA_ClearITPendingBit                    0x0800a71b   Thumb Code    22  stm32f10x_dma.o(.text)
    BKP_DeInit                               0x0800a739   Thumb Code    16  stm32f10x_bkp.o(.text)
    BKP_TamperPinLevelConfig                 0x0800a749   Thumb Code     6  stm32f10x_bkp.o(.text)
    BKP_TamperPinCmd                         0x0800a74f   Thumb Code     8  stm32f10x_bkp.o(.text)
    BKP_ITConfig                             0x0800a757   Thumb Code     8  stm32f10x_bkp.o(.text)
    BKP_RTCOutputConfig                      0x0800a75f   Thumb Code    22  stm32f10x_bkp.o(.text)
    BKP_SetRTCCalibrationValue               0x0800a775   Thumb Code    22  stm32f10x_bkp.o(.text)
    BKP_WriteBackupRegister                  0x0800a78b   Thumb Code    24  stm32f10x_bkp.o(.text)
    BKP_ReadBackupRegister                   0x0800a7a3   Thumb Code    26  stm32f10x_bkp.o(.text)
    BKP_GetFlagStatus                        0x0800a7bd   Thumb Code    10  stm32f10x_bkp.o(.text)
    BKP_ClearFlag                            0x0800a7c7   Thumb Code    18  stm32f10x_bkp.o(.text)
    BKP_GetITStatus                          0x0800a7d9   Thumb Code    10  stm32f10x_bkp.o(.text)
    BKP_ClearITPendingBit                    0x0800a7e3   Thumb Code    18  stm32f10x_bkp.o(.text)
    RTC_ITConfig                             0x0800a7fd   Thumb Code    26  stm32f10x_rtc.o(.text)
    RTC_EnterConfigMode                      0x0800a817   Thumb Code    18  stm32f10x_rtc.o(.text)
    RTC_ExitConfigMode                       0x0800a829   Thumb Code    20  stm32f10x_rtc.o(.text)
    RTC_GetCounter                           0x0800a83d   Thumb Code    18  stm32f10x_rtc.o(.text)
    RTC_SetCounter                           0x0800a84f   Thumb Code    26  stm32f10x_rtc.o(.text)
    RTC_SetPrescaler                         0x0800a869   Thumb Code    28  stm32f10x_rtc.o(.text)
    RTC_SetAlarm                             0x0800a885   Thumb Code    26  stm32f10x_rtc.o(.text)
    RTC_GetDivider                           0x0800a89f   Thumb Code    22  stm32f10x_rtc.o(.text)
    RTC_WaitForLastTask                      0x0800a8b5   Thumb Code    18  stm32f10x_rtc.o(.text)
    RTC_WaitForSynchro                       0x0800a8c7   Thumb Code    36  stm32f10x_rtc.o(.text)
    RTC_GetFlagStatus                        0x0800a8eb   Thumb Code    22  stm32f10x_rtc.o(.text)
    RTC_ClearFlag                            0x0800a901   Thumb Code    16  stm32f10x_rtc.o(.text)
    RTC_GetITStatus                          0x0800a911   Thumb Code    32  stm32f10x_rtc.o(.text)
    RTC_ClearITPendingBit                    0x0800a931   Thumb Code    16  stm32f10x_rtc.o(.text)
    PWR_DeInit                               0x0800a945   Thumb Code    22  stm32f10x_pwr.o(.text)
    PWR_BackupAccessCmd                      0x0800a95b   Thumb Code     6  stm32f10x_pwr.o(.text)
    PWR_PVDCmd                               0x0800a961   Thumb Code     6  stm32f10x_pwr.o(.text)
    PWR_PVDLevelConfig                       0x0800a967   Thumb Code    18  stm32f10x_pwr.o(.text)
    PWR_WakeUpPinCmd                         0x0800a979   Thumb Code     8  stm32f10x_pwr.o(.text)
    PWR_EnterSTOPMode                        0x0800a981   Thumb Code    54  stm32f10x_pwr.o(.text)
    PWR_EnterSTANDBYMode                     0x0800a9b7   Thumb Code    42  stm32f10x_pwr.o(.text)
    PWR_GetFlagStatus                        0x0800a9e1   Thumb Code    20  stm32f10x_pwr.o(.text)
    PWR_ClearFlag                            0x0800a9f5   Thumb Code    14  stm32f10x_pwr.o(.text)
    mymemcpy                                 0x0800aa11   Thumb Code    26  malloc.o(.text)
    mymemset                                 0x0800aa2b   Thumb Code    20  malloc.o(.text)
    my_mem_init                              0x0800aa3f   Thumb Code    54  malloc.o(.text)
    my_mem_perused                           0x0800aa75   Thumb Code    54  malloc.o(.text)
    my_mem_malloc                            0x0800aaab   Thumb Code   154  malloc.o(.text)
    my_mem_free                              0x0800ab45   Thumb Code    94  malloc.o(.text)
    myfree                                   0x0800aba3   Thumb Code    32  malloc.o(.text)
    mymalloc                                 0x0800abc3   Thumb Code    36  malloc.o(.text)
    myrealloc                                0x0800abe7   Thumb Code    68  malloc.o(.text)
    disk_status                              0x0800ac3d   Thumb Code     6  diskio.o(.text)
    disk_initialize                          0x0800ac43   Thumb Code    52  diskio.o(.text)
    disk_read                                0x0800ac77   Thumb Code   122  diskio.o(.text)
    disk_write                               0x0800acf1   Thumb Code   122  diskio.o(.text)
    disk_ioctl                               0x0800ad6b   Thumb Code   170  diskio.o(.text)
    get_fattime                              0x0800ae15   Thumb Code     4  diskio.o(.text)
    ff_memalloc                              0x0800ae19   Thumb Code    14  diskio.o(.text)
    ff_memfree                               0x0800ae27   Thumb Code    14  diskio.o(.text)
    clust2sect                               0x0800aff3   Thumb Code    26  ff.o(.text)
    get_fat                                  0x0800b00d   Thumb Code   242  ff.o(.text)
    put_fat                                  0x0800b0ff   Thumb Code   322  ff.o(.text)
    dir_sdi                                  0x0800b3b5   Thumb Code   158  ff.o(.text)
    f_mount                                  0x0800c43f   Thumb Code    86  ff.o(.text)
    f_open                                   0x0800c495   Thumb Code   384  ff.o(.text)
    f_read                                   0x0800c615   Thumb Code   450  ff.o(.text)
    f_write                                  0x0800c7d7   Thumb Code   490  ff.o(.text)
    f_sync                                   0x0800c9c1   Thumb Code   176  ff.o(.text)
    f_close                                  0x0800ca71   Thumb Code    32  ff.o(.text)
    f_lseek                                  0x0800ca91   Thumb Code   684  ff.o(.text)
    f_opendir                                0x0800cd3d   Thumb Code   136  ff.o(.text)
    f_closedir                               0x0800cdc5   Thumb Code    22  ff.o(.text)
    f_readdir                                0x0800cddb   Thumb Code   114  ff.o(.text)
    f_stat                                   0x0800ce4d   Thumb Code    84  ff.o(.text)
    f_getfree                                0x0800cea1   Thumb Code   258  ff.o(.text)
    f_truncate                               0x0800cfa3   Thumb Code   184  ff.o(.text)
    f_unlink                                 0x0800d05b   Thumb Code   190  ff.o(.text)
    f_mkdir                                  0x0800d119   Thumb Code   380  ff.o(.text)
    f_chmod                                  0x0800d295   Thumb Code   112  ff.o(.text)
    f_rename                                 0x0800d305   Thumb Code   290  ff.o(.text)
    f_utime                                  0x0800d427   Thumb Code   110  ff.o(.text)
    f_getlabel                               0x0800d495   Thumb Code   190  ff.o(.text)
    f_setlabel                               0x0800d553   Thumb Code   482  ff.o(.text)
    f_mkfs                                   0x0800d735   Thumb Code  1578  ff.o(.text)
    f_gets                                   0x0800dd5f   Thumb Code    82  ff.o(.text)
    f_putc                                   0x0800ddf5   Thumb Code    64  ff.o(.text)
    f_puts                                   0x0800de35   Thumb Code    74  ff.o(.text)
    f_printf                                 0x0800de7f   Thumb Code   674  ff.o(.text)
    exfuns_init                              0x0800e121   Thumb Code   114  exfuns.o(.text)
    char_upper                               0x0800e193   Thumb Code    26  exfuns.o(.text)
    f_typetell                               0x0800e1ad   Thumb Code   188  exfuns.o(.text)
    exf_getfree                              0x0800e269   Thumb Code    74  exfuns.o(.text)
    ff_convert                               0x0800e2c9   Thumb Code   146  mycc936.o(.text)
    ff_wtoupper                              0x0800e35b   Thumb Code    46  mycc936.o(.text)
    usmart_sys_cmd_exe                       0x0800e395   Thumb Code  1554  usmart.o(.text)
    usmart_reset_runtime                     0x0800e9a7   Thumb Code    38  usmart.o(.text)
    usmart_get_runtime                       0x0800e9cd   Thumb Code    60  usmart.o(.text)
    TIM4_IRQHandler                          0x0800ea09   Thumb Code    46  usmart.o(.text)
    Timer4_Init                              0x0800ea37   Thumb Code    88  usmart.o(.text)
    usmart_init                              0x0800ea8f   Thumb Code    36  usmart.o(.text)
    usmart_cmd_rec                           0x0800eab3   Thumb Code   170  usmart.o(.text)
    usmart_exe                               0x0800eb5d   Thumb Code   870  usmart.o(.text)
    usmart_scan                              0x0800eec3   Thumb Code   120  usmart.o(.text)
    read_addr                                0x0800ef3b   Thumb Code     6  usmart.o(.text)
    write_addr                               0x0800ef41   Thumb Code     4  usmart.o(.text)
    usmart_strcmp                            0x0800efcd   Thumb Code    34  usmart_str.o(.text)
    usmart_strcopy                           0x0800efef   Thumb Code    22  usmart_str.o(.text)
    usmart_strlen                            0x0800f005   Thumb Code    24  usmart_str.o(.text)
    usmart_pow                               0x0800f01d   Thumb Code    22  usmart_str.o(.text)
    usmart_str2num                           0x0800f033   Thumb Code   202  usmart_str.o(.text)
    usmart_get_cmdname                       0x0800f0fd   Thumb Code    54  usmart_str.o(.text)
    usmart_search_nextc                      0x0800f133   Thumb Code    22  usmart_str.o(.text)
    usmart_get_fname                         0x0800f149   Thumb Code   440  usmart_str.o(.text)
    usmart_get_aparm                         0x0800f301   Thumb Code   200  usmart_str.o(.text)
    usmart_get_parmpos                       0x0800f3c9   Thumb Code    26  usmart_str.o(.text)
    usmart_get_fparam                        0x0800f3e3   Thumb Code   262  usmart_str.o(.text)
    fupd_prog                                0x0800f4f5   Thumb Code   134  fontupd.o(.text)
    updata_fontx                             0x0800f57b   Thumb Code   346  fontupd.o(.text)
    update_font                              0x0800f6d5   Thumb Code   882  fontupd.o(.text)
    font_init                                0x0800fa47   Thumb Code    64  fontupd.o(.text)
    Get_HzMat                                0x0800fac5   Thumb Code   220  text.o(.text)
    Show_Font                                0x0800fba1   Thumb Code   190  text.o(.text)
    Show_Str                                 0x0800fc5f   Thumb Code   192  text.o(.text)
    Show_Str_Mid                             0x0800fd1f   Thumb Code   106  text.o(.text)
    __use_no_semihosting                     0x0800fd99   Thumb Code     2  use_no_semi_2.o(.text)
    __aeabi_ldivmod                          0x0800fd9b   Thumb Code     0  llsdiv.o(.text)
    _ll_sdiv                                 0x0800fd9b   Thumb Code    72  llsdiv.o(.text)
    __2printf                                0x0800fde5   Thumb Code    20  noretval__2printf.o(.text)
    _printf_pre_padding                      0x0800fdfd   Thumb Code    44  _printf_pad.o(.text)
    _printf_post_padding                     0x0800fe29   Thumb Code    34  _printf_pad.o(.text)
    _printf_str                              0x0800fe4b   Thumb Code    82  _printf_str.o(.text)
    _printf_int_dec                          0x0800fe9d   Thumb Code   104  _printf_dec.o(.text)
    _printf_int_hex                          0x0800ff15   Thumb Code    84  _printf_hex_int.o(.text)
    _printf_longlong_hex                     0x0800ff15   Thumb Code     0  _printf_hex_int.o(.text)
    __printf                                 0x0800ff6d   Thumb Code   388  __printf_flags_ss_wp.o(.text)
    strcpy                                   0x080100f5   Thumb Code    72  strcpy.o(.text)
    strlen                                   0x0801013d   Thumb Code    62  strlen.o(.text)
    strcat                                   0x0801017b   Thumb Code    24  strcat.o(.text)
    __aeabi_memcpy                           0x08010193   Thumb Code     0  rt_memcpy_v6.o(.text)
    __rt_memcpy                              0x08010193   Thumb Code   138  rt_memcpy_v6.o(.text)
    _memcpy_lastbytes                        0x080101f9   Thumb Code     0  rt_memcpy_v6.o(.text)
    strcmp                                   0x0801021d   Thumb Code   128  strcmpv7m.o(.text)
    __use_two_region_memory                  0x0801029d   Thumb Code     2  heapauxi.o(.text)
    __rt_heap_escrow$2region                 0x0801029f   Thumb Code     2  heapauxi.o(.text)
    __rt_heap_expand$2region                 0x080102a1   Thumb Code     2  heapauxi.o(.text)
    __I$use$semihosting                      0x080102a3   Thumb Code     0  use_no_semi.o(.text)
    __use_no_semihosting_swi                 0x080102a3   Thumb Code     2  use_no_semi.o(.text)
    __aeabi_uldivmod                         0x080102a5   Thumb Code     0  lludivv7m.o(.text)
    _ll_udiv                                 0x080102a5   Thumb Code   238  lludivv7m.o(.text)
    _printf_int_common                       0x08010393   Thumb Code   178  _printf_intcommon.o(.text)
    _printf_cs_common                        0x08010445   Thumb Code    20  _printf_char.o(.text)
    _printf_char                             0x08010459   Thumb Code    16  _printf_char.o(.text)
    _printf_string                           0x08010469   Thumb Code     8  _printf_char.o(.text)
    _printf_char_file                        0x08010471   Thumb Code    32  _printf_char_file.o(.text)
    __aeabi_memcpy4                          0x08010495   Thumb Code     0  rt_memcpy_w.o(.text)
    __aeabi_memcpy8                          0x08010495   Thumb Code     0  rt_memcpy_w.o(.text)
    __rt_memcpy_w                            0x08010495   Thumb Code   100  rt_memcpy_w.o(.text)
    _memcpy_lastbytes_aligned                0x080104dd   Thumb Code     0  rt_memcpy_w.o(.text)
    _printf_char_common                      0x08010503   Thumb Code    32  _printf_char_common.o(.text)
    ferror                                   0x08010529   Thumb Code     8  ferror.o(.text)
    __user_setup_stackheap                   0x08010531   Thumb Code    74  sys_stackheap_outer.o(.text)
    exit                                     0x0801057b   Thumb Code    12  exit.o(.text)
    __user_libspace                          0x08010589   Thumb Code     8  libspace.o(.text)
    __user_perproc_libspace                  0x08010589   Thumb Code     0  libspace.o(.text)
    __user_perthread_libspace                0x08010589   Thumb Code     0  libspace.o(.text)
    _is_digit                                0x08010591   Thumb Code    14  __printf_wp.o(i._is_digit)
    __aeabi_d2uiz                            0x080105a1   Thumb Code     0  dfixu.o(x$fpl$dfixu)
    _dfixu                                   0x080105a1   Thumb Code    90  dfixu.o(x$fpl$dfixu)
    __aeabi_ui2d                             0x080105fb   Thumb Code     0  dflt_clz.o(x$fpl$dfltu)
    _dfltu                                   0x080105fb   Thumb Code    38  dflt_clz.o(x$fpl$dfltu)
    __aeabi_dmul                             0x08010621   Thumb Code     0  dmul.o(x$fpl$dmul)
    _dmul                                    0x08010621   Thumb Code   332  dmul.o(x$fpl$dmul)
    __fpl_dnaninf                            0x08010775   Thumb Code   156  dnaninf.o(x$fpl$dnaninf)
    __fpl_dretinf                            0x08010811   Thumb Code    12  dretinf.o(x$fpl$dretinf)
    __fpl_fcmp_Inf                           0x0801081d   Thumb Code    24  fcmpi.o(x$fpl$fcmpinf)
    __aeabi_fdiv                             0x08010835   Thumb Code     0  fdiv.o(x$fpl$fdiv)
    _fdiv                                    0x08010835   Thumb Code   384  fdiv.o(x$fpl$fdiv)
    __aeabi_cfcmpeq                          0x080109b9   Thumb Code     0  feqf.o(x$fpl$feqf)
    _fcmpeq                                  0x080109b9   Thumb Code   104  feqf.o(x$fpl$feqf)
    __aeabi_f2uiz                            0x08010a21   Thumb Code     0  ffixu.o(x$fpl$ffixu)
    _ffixu                                   0x08010a21   Thumb Code    62  ffixu.o(x$fpl$ffixu)
    __aeabi_ui2f                             0x08010a61   Thumb Code     0  fflt_clz.o(x$fpl$ffltu)
    _ffltu                                   0x08010a61   Thumb Code    38  fflt_clz.o(x$fpl$ffltu)
    __aeabi_fmul                             0x08010a89   Thumb Code     0  fmul.o(x$fpl$fmul)
    _fmul                                    0x08010a89   Thumb Code   258  fmul.o(x$fpl$fmul)
    __fpl_fnaninf                            0x08010b8b   Thumb Code   140  fnaninf.o(x$fpl$fnaninf)
    __fpl_fretinf                            0x08010c17   Thumb Code    10  fretinf.o(x$fpl$fretinf)
    __I$use$fp                               0x08010c20   Number         0  usenofp.o(x$fpl$usenofp)
    asc2_1206                                0x08010c20   Data        1140  lcd.o(.constdata)
    asc2_1608                                0x08011094   Data        1520  lcd.o(.constdata)
    asc2_2412                                0x08011684   Data        3420  lcd.o(.constdata)
    table_week                               0x080123e0   Data          12  rtc.o(.constdata)
    mon_table                                0x080123ec   Data          12  rtc.o(.constdata)
    memtblsize                               0x080123f8   Data           8  malloc.o(.constdata)
    memblksize                               0x08012400   Data           8  malloc.o(.constdata)
    memsize                                  0x08012408   Data           8  malloc.o(.constdata)
    FILE_TYPE_TBL                            0x0801244c   Data         312  exfuns.o(.constdata)
    GBK24_PATH                               0x08012944   Data           4  fontupd.o(.constdata)
    GBK16_PATH                               0x08012948   Data           4  fontupd.o(.constdata)
    GBK12_PATH                               0x0801294c   Data           4  fontupd.o(.constdata)
    UNIGBK_PATH                              0x08012950   Data           4  fontupd.o(.constdata)
    Region$$Table$$Base                      0x08012afc   Number         0  anon$$obj.o(Region$$Table)
    Region$$Table$$Limit                     0x08012b1c   Number         0  anon$$obj.o(Region$$Table)
    SystemCoreClock                          0x20000000   Data           4  system_stm32f10x.o(.data)
    AHBPrescTable                            0x20000004   Data          16  system_stm32f10x.o(.data)
    POINT_COLOR                              0x20000016   Data           2  lcd.o(.data)
    BACK_COLOR                               0x20000018   Data           2  lcd.o(.data)
    W25QXX_TYPE                              0x2000001a   Data           2  w25qxx.o(.data)
    TransferError                            0x20000026   Data           1  sdio_sdcard.o(.data)
    TransferEnd                              0x20000027   Data           1  sdio_sdcard.o(.data)
    tempbuff                                 0x20000028   Data           4  sdio_sdcard.o(.data)
    __stdout                                 0x20000034   Data           4  usart.o(.data)
    USART_RX_STA                             0x20000038   Data           2  usart.o(.data)
    mallco_dev                               0x20000050   Data          28  malloc.o(.data)
    FLASH_SECTOR_COUNT                       0x2000006c   Data           2  diskio.o(.data)
    fs                                       0x2000007c   Data           8  exfuns.o(.data)
    file                                     0x20000084   Data           4  exfuns.o(.data)
    ftemp                                    0x20000088   Data           4  exfuns.o(.data)
    br                                       0x2000008c   Data           4  exfuns.o(.data)
    bw                                       0x20000090   Data           4  exfuns.o(.data)
    fatbuf                                   0x20000094   Data           4  exfuns.o(.data)
    sys_cmd_tab                              0x20000098   Data          28  usmart.o(.data)
    usmart_nametab                           0x200000b4   Data          24  usmart_config.o(.data)
    usmart_dev                               0x200000cc   Data         244  usmart_config.o(.data)
    lcddev                                   0x200001c0   Data          14  lcd.o(.bss)
    W25QXX_BUFFER                            0x200001ce   Data        4096  w25qxx.o(.bss)
    SDIO_InitStructure                       0x200011d0   Data          24  sdio_sdcard.o(.bss)
    SDIO_CmdInitStructure                    0x200011e8   Data          20  sdio_sdcard.o(.bss)
    SDIO_DataInitStructure                   0x200011fc   Data          24  sdio_sdcard.o(.bss)
    SDCardInfo                               0x20001238   Data          88  sdio_sdcard.o(.bss)
    SDIO_DATA_BUFFER                         0x20001290   Data         512  sdio_sdcard.o(.bss)
    calendar                                 0x20001490   Data          10  rtc.o(.bss)
    USART_RX_BUF                             0x2000149a   Data         200  usart.o(.bss)
    mem1base                                 0x20001580   Data       40960  malloc.o(.bss)
    mem1mapbase                              0x2000b580   Data        2560  malloc.o(.bss)
    ftinfo                                   0x2000bf80   Data          33  fontupd.o(.bss)
    __libspace_start                         0x2000bfa4   Data          96  libspace.o(.bss)
    __temporary_stack_top$libspace           0x2000c004   Data           0  libspace.o(.bss)
    mem2base                                 0x68000000   Data       983040  malloc.o(.ARM.__AT_0x68000000)
    mem2mapbase                              0x680f0000   Data       61440  malloc.o(.ARM.__AT_0x680F0000)



==============================================================================

Memory Map of the image

  Image Entry point : 0x08000131

  Load Region LR_IROM1 (Base: 0x08000000, Size: 0x00012cdc, Max: 0x00080000, ABSOLUTE, COMPRESSED[0x00012b98])

    Execution Region ER_IROM1 (Base: 0x08000000, Size: 0x00012b1c, Max: 0x00080000, ABSOLUTE)

    Base Addr    Size         Type   Attr      Idx    E Section Name        Object

    0x08000000   0x00000130   Data   RO          431    RESET               startup_stm32f10x_hd.o
    0x08000130   0x00000008   Code   RO          853  * !!!main             c_w.l(__main.o)
    0x08000138   0x00000034   Code   RO         1079    !!!scatter          c_w.l(__scatter.o)
    0x0800016c   0x0000005a   Code   RO         1077    !!dczerorl2         c_w.l(__dczerorl2.o)
    0x080001c6   0x00000002   PAD
    0x080001c8   0x0000001c   Code   RO         1081    !!handler_zi        c_w.l(__scatter_zi.o)
    0x080001e4   0x00000000   Code   RO          840    .ARM.Collect$$_printf_percent$$00000000  c_w.l(_printf_percent.o)
    0x080001e4   0x00000006   Code   RO          838    .ARM.Collect$$_printf_percent$$00000009  c_w.l(_printf_d.o)
    0x080001ea   0x00000006   Code   RO          839    .ARM.Collect$$_printf_percent$$0000000A  c_w.l(_printf_u.o)
    0x080001f0   0x00000006   Code   RO          837    .ARM.Collect$$_printf_percent$$0000000C  c_w.l(_printf_x.o)
    0x080001f6   0x00000006   Code   RO          835    .ARM.Collect$$_printf_percent$$00000013  c_w.l(_printf_c.o)
    0x080001fc   0x00000006   Code   RO          836    .ARM.Collect$$_printf_percent$$00000014  c_w.l(_printf_s.o)
    0x08000202   0x00000004   Code   RO          896    .ARM.Collect$$_printf_percent$$00000017  c_w.l(_printf_percent_end.o)
    0x08000206   0x00000002   Code   RO          948    .ARM.Collect$$libinit$$00000000  c_w.l(libinit.o)
    0x08000208   0x00000000   Code   RO          959    .ARM.Collect$$libinit$$00000002  c_w.l(libinit2.o)
    0x08000208   0x00000000   Code   RO          961    .ARM.Collect$$libinit$$00000004  c_w.l(libinit2.o)
    0x08000208   0x00000000   Code   RO          964    .ARM.Collect$$libinit$$0000000A  c_w.l(libinit2.o)
    0x08000208   0x00000000   Code   RO          966    .ARM.Collect$$libinit$$0000000C  c_w.l(libinit2.o)
    0x08000208   0x00000000   Code   RO          968    .ARM.Collect$$libinit$$0000000E  c_w.l(libinit2.o)
    0x08000208   0x00000000   Code   RO          971    .ARM.Collect$$libinit$$00000011  c_w.l(libinit2.o)
    0x08000208   0x00000000   Code   RO          973    .ARM.Collect$$libinit$$00000013  c_w.l(libinit2.o)
    0x08000208   0x00000000   Code   RO          975    .ARM.Collect$$libinit$$00000015  c_w.l(libinit2.o)
    0x08000208   0x00000000   Code   RO          977    .ARM.Collect$$libinit$$00000017  c_w.l(libinit2.o)
    0x08000208   0x00000000   Code   RO          979    .ARM.Collect$$libinit$$00000019  c_w.l(libinit2.o)
    0x08000208   0x00000000   Code   RO          981    .ARM.Collect$$libinit$$0000001B  c_w.l(libinit2.o)
    0x08000208   0x00000000   Code   RO          983    .ARM.Collect$$libinit$$0000001D  c_w.l(libinit2.o)
    0x08000208   0x00000000   Code   RO          985    .ARM.Collect$$libinit$$0000001F  c_w.l(libinit2.o)
    0x08000208   0x00000000   Code   RO          987    .ARM.Collect$$libinit$$00000021  c_w.l(libinit2.o)
    0x08000208   0x00000000   Code   RO          989    .ARM.Collect$$libinit$$00000023  c_w.l(libinit2.o)
    0x08000208   0x00000000   Code   RO          991    .ARM.Collect$$libinit$$00000025  c_w.l(libinit2.o)
    0x08000208   0x00000000   Code   RO          995    .ARM.Collect$$libinit$$0000002C  c_w.l(libinit2.o)
    0x08000208   0x00000000   Code   RO          997    .ARM.Collect$$libinit$$0000002E  c_w.l(libinit2.o)
    0x08000208   0x00000000   Code   RO          999    .ARM.Collect$$libinit$$00000030  c_w.l(libinit2.o)
    0x08000208   0x00000000   Code   RO         1001    .ARM.Collect$$libinit$$00000032  c_w.l(libinit2.o)
    0x08000208   0x00000002   Code   RO         1002    .ARM.Collect$$libinit$$00000033  c_w.l(libinit2.o)
    0x0800020a   0x00000002   Code   RO         1030    .ARM.Collect$$libshutdown$$00000000  c_w.l(libshutdown.o)
    0x0800020c   0x00000000   Code   RO         1045    .ARM.Collect$$libshutdown$$00000003  c_w.l(libshutdown2.o)
    0x0800020c   0x00000000   Code   RO         1048    .ARM.Collect$$libshutdown$$00000006  c_w.l(libshutdown2.o)
    0x0800020c   0x00000000   Code   RO         1051    .ARM.Collect$$libshutdown$$00000009  c_w.l(libshutdown2.o)
    0x0800020c   0x00000000   Code   RO         1053    .ARM.Collect$$libshutdown$$0000000B  c_w.l(libshutdown2.o)
    0x0800020c   0x00000000   Code   RO         1056    .ARM.Collect$$libshutdown$$0000000E  c_w.l(libshutdown2.o)
    0x0800020c   0x00000002   Code   RO         1057    .ARM.Collect$$libshutdown$$0000000F  c_w.l(libshutdown2.o)
    0x0800020e   0x00000000   Code   RO          887    .ARM.Collect$$rtentry$$00000000  c_w.l(__rtentry.o)
    0x0800020e   0x00000000   Code   RO          911    .ARM.Collect$$rtentry$$00000002  c_w.l(__rtentry2.o)
    0x0800020e   0x00000006   Code   RO          923    .ARM.Collect$$rtentry$$00000004  c_w.l(__rtentry4.o)
    0x08000214   0x00000000   Code   RO          913    .ARM.Collect$$rtentry$$00000009  c_w.l(__rtentry2.o)
    0x08000214   0x00000004   Code   RO          914    .ARM.Collect$$rtentry$$0000000A  c_w.l(__rtentry2.o)
    0x08000218   0x00000000   Code   RO          916    .ARM.Collect$$rtentry$$0000000C  c_w.l(__rtentry2.o)
    0x08000218   0x00000008   Code   RO          917    .ARM.Collect$$rtentry$$0000000D  c_w.l(__rtentry2.o)
    0x08000220   0x00000002   Code   RO          952    .ARM.Collect$$rtexit$$00000000  c_w.l(rtexit.o)
    0x08000222   0x00000000   Code   RO         1004    .ARM.Collect$$rtexit$$00000002  c_w.l(rtexit2.o)
    0x08000222   0x00000004   Code   RO         1005    .ARM.Collect$$rtexit$$00000003  c_w.l(rtexit2.o)
    0x08000226   0x00000006   Code   RO         1006    .ARM.Collect$$rtexit$$00000004  c_w.l(rtexit2.o)
    0x0800022c   0x0000001a   Code   RO            1    .text               stm32f10x_it.o
    0x08000246   0x00000002   PAD
    0x08000248   0x000001e0   Code   RO          104    .text               system_stm32f10x.o
    0x08000428   0x0000004c   Code   RO          122    .text               led.o
    0x08000474   0x000000fc   Code   RO          166    .text               key.o
    0x08000570   0x00004a5c   Code   RO          185    .text               lcd.o
    0x08004fcc   0x00000108   Code   RO          219    .text               spi.o
    0x080050d4   0x00000684   Code   RO          234    .text               main.o
    0x08005758   0x00000368   Code   RO          300    .text               w25qxx.o
    0x08005ac0   0x00001c30   Code   RO          319    .text               sdio_sdcard.o
    0x080076f0   0x000006a8   Code   RO          345    .text               rtc.o
    0x08007d98   0x000000d4   Code   RO          365    .text               delay.o
    0x08007e6c   0x0000000c   Code   RO          380    .text               sys.o
    0x08007e78   0x00000140   Code   RO          396    .text               usart.o
    0x08007fb8   0x00000040   Code   RO          432    .text               startup_stm32f10x_hd.o
    0x08007ff8   0x000000dc   Code   RO          436    .text               misc.o
    0x080080d4   0x0000060c   Code   RO          448    .text               stm32f10x_fsmc.o
    0x080086e0   0x0000035c   Code   RO          460    .text               stm32f10x_gpio.o
    0x08008a3c   0x000003a4   Code   RO          472    .text               stm32f10x_rcc.o
    0x08008de0   0x0000030c   Code   RO          486    .text               stm32f10x_spi.o
    0x080090ec   0x00000408   Code   RO          498    .text               stm32f10x_usart.o
    0x080094f4   0x00000e1a   Code   RO          510    .text               stm32f10x_tim.o
    0x0800a30e   0x00000002   PAD
    0x0800a310   0x000001d4   Code   RO          522    .text               stm32f10x_sdio.o
    0x0800a4e4   0x00000254   Code   RO          534    .text               stm32f10x_dma.o
    0x0800a738   0x000000c4   Code   RO          546    .text               stm32f10x_bkp.o
    0x0800a7fc   0x00000148   Code   RO          558    .text               stm32f10x_rtc.o
    0x0800a944   0x000000cc   Code   RO          570    .text               stm32f10x_pwr.o
    0x0800aa10   0x0000022c   Code   RO          582    .text               malloc.o
    0x0800ac3c   0x00000200   Code   RO          604    .text               diskio.o
    0x0800ae3c   0x000032e4   Code   RO          622    .text               ff.o
    0x0800e120   0x000001a8   Code   RO          643    .text               exfuns.o
    0x0800e2c8   0x000000cc   Code   RO          686    .text               mycc936.o
    0x0800e394   0x00000c38   Code   RO          699    .text               usmart.o
    0x0800efcc   0x00000528   Code   RO          728    .text               usmart_str.o
    0x0800f4f4   0x000005d0   Code   RO          740    .text               fontupd.o
    0x0800fac4   0x000002d4   Code   RO          764    .text               text.o
    0x0800fd98   0x00000002   Code   RO          778    .text               c_w.l(use_no_semi_2.o)
    0x0800fd9a   0x00000048   Code   RO          780    .text               c_w.l(llsdiv.o)
    0x0800fde2   0x00000002   PAD
    0x0800fde4   0x00000018   Code   RO          784    .text               c_w.l(noretval__2printf.o)
    0x0800fdfc   0x0000004e   Code   RO          788    .text               c_w.l(_printf_pad.o)
    0x0800fe4a   0x00000052   Code   RO          790    .text               c_w.l(_printf_str.o)
    0x0800fe9c   0x00000078   Code   RO          792    .text               c_w.l(_printf_dec.o)
    0x0800ff14   0x00000058   Code   RO          797    .text               c_w.l(_printf_hex_int.o)
    0x0800ff6c   0x00000188   Code   RO          832    .text               c_w.l(__printf_flags_ss_wp.o)
    0x080100f4   0x00000048   Code   RO          841    .text               c_w.l(strcpy.o)
    0x0801013c   0x0000003e   Code   RO          843    .text               c_w.l(strlen.o)
    0x0801017a   0x00000018   Code   RO          845    .text               c_w.l(strcat.o)
    0x08010192   0x0000008a   Code   RO          847    .text               c_w.l(rt_memcpy_v6.o)
    0x0801021c   0x00000080   Code   RO          849    .text               c_w.l(strcmpv7m.o)
    0x0801029c   0x00000006   Code   RO          851    .text               c_w.l(heapauxi.o)
    0x080102a2   0x00000002   Code   RO          885    .text               c_w.l(use_no_semi.o)
    0x080102a4   0x000000ee   Code   RO          888    .text               c_w.l(lludivv7m.o)
    0x08010392   0x000000b2   Code   RO          890    .text               c_w.l(_printf_intcommon.o)
    0x08010444   0x0000002c   Code   RO          892    .text               c_w.l(_printf_char.o)
    0x08010470   0x00000024   Code   RO          894    .text               c_w.l(_printf_char_file.o)
    0x08010494   0x00000064   Code   RO          897    .text               c_w.l(rt_memcpy_w.o)
    0x080104f8   0x00000030   Code   RO          929    .text               c_w.l(_printf_char_common.o)
    0x08010528   0x00000008   Code   RO          931    .text               c_w.l(ferror.o)
    0x08010530   0x0000004a   Code   RO          935    .text               c_w.l(sys_stackheap_outer.o)
    0x0801057a   0x0000000c   Code   RO          941    .text               c_w.l(exit.o)
    0x08010586   0x00000002   PAD
    0x08010588   0x00000008   Code   RO          949    .text               c_w.l(libspace.o)
    0x08010590   0x0000000e   Code   RO          825    i._is_digit         c_w.l(__printf_wp.o)
    0x0801059e   0x00000002   PAD
    0x080105a0   0x0000005a   Code   RO          855    x$fpl$dfixu         fz_ws.l(dfixu.o)
    0x080105fa   0x00000026   Code   RO          859    x$fpl$dfltu         fz_ws.l(dflt_clz.o)
    0x08010620   0x00000154   Code   RO          865    x$fpl$dmul          fz_ws.l(dmul.o)
    0x08010774   0x0000009c   Code   RO          899    x$fpl$dnaninf       fz_ws.l(dnaninf.o)
    0x08010810   0x0000000c   Code   RO          901    x$fpl$dretinf       fz_ws.l(dretinf.o)
    0x0801081c   0x00000018   Code   RO          903    x$fpl$fcmpinf       fz_ws.l(fcmpi.o)
    0x08010834   0x00000184   Code   RO          868    x$fpl$fdiv          fz_ws.l(fdiv.o)
    0x080109b8   0x00000068   Code   RO          871    x$fpl$feqf          fz_ws.l(feqf.o)
    0x08010a20   0x0000003e   Code   RO          873    x$fpl$ffixu         fz_ws.l(ffixu.o)
    0x08010a5e   0x00000002   PAD
    0x08010a60   0x00000026   Code   RO          877    x$fpl$ffltu         fz_ws.l(fflt_clz.o)
    0x08010a86   0x00000002   PAD
    0x08010a88   0x00000102   Code   RO          883    x$fpl$fmul          fz_ws.l(fmul.o)
    0x08010b8a   0x0000008c   Code   RO          905    x$fpl$fnaninf       fz_ws.l(fnaninf.o)
    0x08010c16   0x0000000a   Code   RO          907    x$fpl$fretinf       fz_ws.l(fretinf.o)
    0x08010c20   0x00000000   Code   RO          909    x$fpl$usenofp       fz_ws.l(usenofp.o)
    0x08010c20   0x000017c0   Data   RO          187    .constdata          lcd.o
    0x080123e0   0x00000018   Data   RO          347    .constdata          rtc.o
    0x080123f8   0x00000018   Data   RO          586    .constdata          malloc.o
    0x08012410   0x0000003a   Data   RO          623    .constdata          ff.o
    0x0801244a   0x00000002   PAD
    0x0801244c   0x00000138   Data   RO          645    .constdata          exfuns.o
    0x08012584   0x000003c0   Data   RO          687    .constdata          mycc936.o
    0x08012944   0x00000010   Data   RO          742    .constdata          fontupd.o
    0x08012954   0x00000028   Data   RO          798    .constdata          c_w.l(_printf_hex_int.o)
    0x0801297c   0x00000011   Data   RO          833    .constdata          c_w.l(__printf_flags_ss_wp.o)
    0x0801298d   0x00000003   PAD
    0x08012990   0x00000060   Data   RO          646    .conststring        exfuns.o
    0x080129f0   0x00000028   Data   RO          700    .conststring        usmart.o
    0x08012a18   0x00000084   Data   RO          715    .conststring        usmart_config.o
    0x08012a9c   0x0000005f   Data   RO          743    .conststring        fontupd.o
    0x08012afb   0x00000001   PAD
    0x08012afc   0x00000020   Data   RO         1075    Region$$Table       anon$$obj.o


    Execution Region RW_IRAM1 (Base: 0x20000000, Size: 0x0000c608, Max: 0x00010000, ABSOLUTE, COMPRESSED[0x0000007c])

    Base Addr    Size         Type   Attr      Idx    E Section Name        Object

    0x20000000   0x00000014   Data   RW          105    .data               system_stm32f10x.o
    0x20000014   0x00000001   Data   RW          167    .data               key.o
    0x20000015   0x00000001   PAD
    0x20000016   0x00000004   Data   RW          188    .data               lcd.o
    0x2000001a   0x00000002   Data   RW          302    .data               w25qxx.o
    0x2000001c   0x00000010   Data   RW          321    .data               sdio_sdcard.o
    0x2000002c   0x00000002   Data   RW          348    .data               rtc.o
    0x2000002e   0x00000004   Data   RW          366    .data               delay.o
    0x20000032   0x00000002   PAD
    0x20000034   0x00000006   Data   RW          398    .data               usart.o
    0x2000003a   0x00000014   Data   RW          473    .data               stm32f10x_rcc.o
    0x2000004e   0x00000002   PAD
    0x20000050   0x0000001c   Data   RW          587    .data               malloc.o
    0x2000006c   0x00000002   Data   RW          605    .data               diskio.o
    0x2000006e   0x00000002   PAD
    0x20000070   0x0000000a   Data   RW          624    .data               ff.o
    0x2000007a   0x00000002   PAD
    0x2000007c   0x0000001c   Data   RW          647    .data               exfuns.o
    0x20000098   0x0000001c   Data   RW          701    .data               usmart.o
    0x200000b4   0x0000010c   Data   RW          716    .data               usmart_config.o
    0x200001c0   0x0000000e   Zero   RW          186    .bss                lcd.o
    0x200001ce   0x00001000   Zero   RW          301    .bss                w25qxx.o
    0x200011ce   0x00000002   PAD
    0x200011d0   0x000002c0   Zero   RW          320    .bss                sdio_sdcard.o
    0x20001490   0x0000000a   Zero   RW          346    .bss                rtc.o
    0x2000149a   0x000000c8   Zero   RW          397    .bss                usart.o
    0x20001562   0x0000001e   PAD
    0x20001580   0x0000aa00   Zero   RW          585    .bss                malloc.o
    0x2000bf80   0x00000021   Zero   RW          741    .bss                fontupd.o
    0x2000bfa1   0x00000003   PAD
    0x2000bfa4   0x00000060   Zero   RW          950    .bss                c_w.l(libspace.o)
    0x2000c004   0x00000004   PAD
    0x2000c008   0x00000200   Zero   RW          430    HEAP                startup_stm32f10x_hd.o
    0x2000c208   0x00000400   Zero   RW          429    STACK               startup_stm32f10x_hd.o



  Load Region LR$$.ARM.__AT_0x68000000 (Base: 0x68000000, Size: 0x00000000, Max: 0x000f0000, ABSOLUTE)

    Execution Region ER$$.ARM.__AT_0x68000000 (Base: 0x68000000, Size: 0x000f0000, Max: 0x000f0000, ABSOLUTE, UNINIT)

    Base Addr    Size         Type   Attr      Idx    E Section Name        Object

    0x68000000   0x000f0000   Zero   RW          583    .ARM.__AT_0x68000000  malloc.o



  Load Region LR$$.ARM.__AT_0x680F0000 (Base: 0x680f0000, Size: 0x00000000, Max: 0x0000f000, ABSOLUTE)

    Execution Region ER$$.ARM.__AT_0x680F0000 (Base: 0x680f0000, Size: 0x0000f000, Max: 0x0000f000, ABSOLUTE, UNINIT)

    Base Addr    Size         Type   Attr      Idx    E Section Name        Object

    0x680f0000   0x0000f000   Zero   RW          584    .ARM.__AT_0x680F0000  malloc.o


==============================================================================

Image component sizes


      Code (inc. data)   RO Data    RW Data    ZI Data      Debug   Object Name

       212         18          0          4          0        963   delay.o
       512          8          0          2          0       4038   diskio.o
       424         22        408         28          0       2600   exfuns.o
     13028        144         58         10          0      37034   ff.o
      1488        158        111          0         33       3972   fontupd.o
       252         12          0          1          0        800   key.o
     19036        162       6080          4         14      21494   lcd.o
        76          8          0          0          0     205179   led.o
      1668        384          0          0          0       1908   main.o
       556         18         24         28    1088000       4432   malloc.o
       220         22          0          0          0       1741   misc.o
       204         12        960          0          0       1521   mycc936.o
      1704        154         24          2         10       4543   rtc.o
      7216        256          0         16        704      24292   sdio_sdcard.o
       264         10          0          0          0       1069   spi.o
        64         26        304          0       1536        768   startup_stm32f10x_hd.o
       196          8          0          0          0       3404   stm32f10x_bkp.o
       596          8          0          0          0       4270   stm32f10x_dma.o
      1548         18          0          0          0       5287   stm32f10x_fsmc.o
       860         38          0          0          0       5585   stm32f10x_gpio.o
        26          0          0          0          0      82830   stm32f10x_it.o
       204         14          0          0          0       1887   stm32f10x_pwr.o
       932         36          0         20          0       8728   stm32f10x_rcc.o
       328          4          0          0          0       2638   stm32f10x_rtc.o
       468         22          0          0          0       7028   stm32f10x_sdio.o
       780         14          0          0          0       6470   stm32f10x_spi.o
      3610         88          0          0          0      22072   stm32f10x_tim.o
      1032         22          0          0          0       8312   stm32f10x_usart.o
        12          0          0          0          0        591   sys.o
       480         38          0         20          0       1647   system_stm32f10x.o
       724         16          0          0          0       2896   text.o
       320         16          0          6        200       3058   usart.o
      3128       1288         40         28          0       4226   usmart.o
         0          0        132        268          0       1448   usmart_config.o
      1320         12          0          0          0       4993   usmart_str.o
       872         30          0          2       4096       4229   w25qxx.o

    ----------------------------------------------------------------------
     64364       3086       8176        448    1094628     497953   Object Totals
         0          0         32          0          0          0   (incl. Generated)
         4          0          3          9         35          0   (incl. Padding)

    ----------------------------------------------------------------------

      Code (inc. data)   RO Data    RW Data    ZI Data      Debug   Library Member Name

        90          0          0          0          0          0   __dczerorl2.o
         8          0          0          0          0         68   __main.o
       392          4         17          0          0         92   __printf_flags_ss_wp.o
        14          0          0          0          0         68   __printf_wp.o
         0          0          0          0          0          0   __rtentry.o
        12          0          0          0          0          0   __rtentry2.o
         6          0          0          0          0          0   __rtentry4.o
        52          8          0          0          0          0   __scatter.o
        28          0          0          0          0          0   __scatter_zi.o
         6          0          0          0          0          0   _printf_c.o
        44          0          0          0          0        108   _printf_char.o
        48          6          0          0          0         96   _printf_char_common.o
        36          4          0          0          0         80   _printf_char_file.o
         6          0          0          0          0          0   _printf_d.o
       120         16          0          0          0         92   _printf_dec.o
        88          4         40          0          0         88   _printf_hex_int.o
       178          0          0          0          0         88   _printf_intcommon.o
        78          0          0          0          0        108   _printf_pad.o
         0          0          0          0          0          0   _printf_percent.o
         4          0          0          0          0          0   _printf_percent_end.o
         6          0          0          0          0          0   _printf_s.o
        82          0          0          0          0         80   _printf_str.o
         6          0          0          0          0          0   _printf_u.o
         6          0          0          0          0          0   _printf_x.o
        12          0          0          0          0         72   exit.o
         8          0          0          0          0         68   ferror.o
         6          0          0          0          0        152   heapauxi.o
         2          0          0          0          0          0   libinit.o
         2          0          0          0          0          0   libinit2.o
         2          0          0          0          0          0   libshutdown.o
         2          0          0          0          0          0   libshutdown2.o
         8          4          0          0         96         68   libspace.o
        72          0          0          0          0         76   llsdiv.o
       238          0          0          0          0        100   lludivv7m.o
        24          4          0          0          0         84   noretval__2printf.o
       138          0          0          0          0         68   rt_memcpy_v6.o
       100          0          0          0          0         80   rt_memcpy_w.o
         2          0          0          0          0          0   rtexit.o
        10          0          0          0          0          0   rtexit2.o
        24          0          0          0          0         68   strcat.o
       128          0          0          0          0         68   strcmpv7m.o
        72          0          0          0          0         80   strcpy.o
        62          0          0          0          0         76   strlen.o
        74          0          0          0          0         80   sys_stackheap_outer.o
         2          0          0          0          0         68   use_no_semi.o
         2          0          0          0          0         68   use_no_semi_2.o
        90          4          0          0          0         92   dfixu.o
        38          0          0          0          0         68   dflt_clz.o
       340         12          0          0          0        104   dmul.o
       156          4          0          0          0         92   dnaninf.o
        12          0          0          0          0         68   dretinf.o
        24          0          0          0          0         68   fcmpi.o
       388         76          0          0          0         96   fdiv.o
       104          4          0          0          0         84   feqf.o
        62          4          0          0          0         84   ffixu.o
        38          0          0          0          0         68   fflt_clz.o
       258          4          0          0          0         84   fmul.o
       140          4          0          0          0         84   fnaninf.o
        10          0          0          0          0         68   fretinf.o
         0          0          0          0          0          0   usenofp.o

    ----------------------------------------------------------------------
      3972        162         60          0        100       3304   Library Totals
        12          0          3          0          4          0   (incl. Padding)

    ----------------------------------------------------------------------

      Code (inc. data)   RO Data    RW Data    ZI Data      Debug   Library Name

      2300         50         57          0         96       2244   c_w.l
      1660        112          0          0          0       1060   fz_ws.l

    ----------------------------------------------------------------------
      3972        162         60          0        100       3304   Library Totals

    ----------------------------------------------------------------------

==============================================================================


      Code (inc. data)   RO Data    RW Data    ZI Data      Debug   

     68336       3248       8236        448    1094728     495793   Grand Totals
     68336       3248       8236        124    1094728     495793   ELF Image Totals (compressed)
     68336       3248       8236        124          0          0   ROM Totals

==============================================================================

    Total RO  Size (Code + RO Data)                76572 (  74.78kB)
    Total RW  Size (RW Data + ZI Data)           1095176 (1069.51kB)
    Total ROM Size (Code + RO Data + RW Data)      76696 (  74.90kB)

==============================================================================

